 ehl.ftpdata.save

 Timestamp is 577b0ef0 (Tue Jul 05 09:35:44 2016)

 Preferred load address is 10000000

 Start         Length     Name                   Class
 0001:00000000 00010000H .textbss                DATA
 0002:00000000 00002470H .text$di                CODE
 0002:00002470 000179c5H .text$mn                CODE
 0002:00019e40 00002b04H .text$x                 CODE
 0002:0001c950 00001145H .text$yd                CODE
 0003:00000000 00000104H .CRT$XCA                DATA
 0003:00000104 0000014fH .CRT$XCU                DATA
 0003:00000254 00000104H .CRT$XCZ                DATA
 0003:00000358 00000104H .CRT$XIA                DATA
 0003:0000045c 00000104H .CRT$XIAA               DATA
 0003:00000560 00000104H .CRT$XIC                DATA
 0003:00000664 00000104H .CRT$XIZ                DATA
 0003:00000770 00002e84H .rdata                  DATA
 0003:000035f4 00000173H .rdata$debug            DATA
 0003:00003768 000002d4H .rdata$r                DATA
 0003:00003a3c 00000104H .rtc$IAA                DATA
 0003:00003b40 00000104H .rtc$IZZ                DATA
 0003:00003c44 00000104H .rtc$TAA                DATA
 0003:00003d48 00000104H .rtc$TZZ                DATA
 0003:00003e50 00001bceH .xdata$x                DATA
 0003:00005a20 00000185H .edata                  DATA
 0004:00000000 00000289H .data                   DATA
 0004:0000028c 000001e4H .data$r                 DATA
 0004:00000470 00000e88H .bss                    DATA
 0005:00000000 000002a0H .idata$5                DATA
 0005:000002a0 00000078H .idata$2                DATA
 0005:00000318 00000014H .idata$3                DATA
 0005:0000032c 000002a0H .idata$4                DATA
 0005:000005cc 0000090bH .idata$6                DATA
 0006:00000000 00000169H .rsrc$01                DATA
 0006:00000170 000002ccH .rsrc$02                DATA

  Address         Publics by Value              Rva+Base       Lib:Object

 0000:00000000       ___safe_se_handler_count   00000000     <absolute>
 0000:00000000       ___guard_fids_count        00000000     <absolute>
 0000:00000000       ___safe_se_handler_table   00000000     <absolute>
 0000:00000000       __except_list              00000000     <absolute>
 0000:00000000       ___guard_flags             00000000     <absolute>
 0000:00000000       ___guard_fids_table        00000000     <absolute>
 0000:00009876       __ldused                   00009876     <absolute>
 0000:00009876       __fltused                  00009876     <absolute>
 0000:00000000       ___ImageBase               10000000     <linker-defined>
 0001:00000000       __enc$textbss$begin        10001000     <linker-defined>
 0001:00010000       __enc$textbss$end          10011000     <linker-defined>
 0002:00002470       ??$?0$$QAV?$basic_string@DU?$char_traits@D@std@@V?$allocator@D@2@@std@@$$$V@?$pair@$$CBV?$basic_string@DU?$char_traits@D@std@@V?$allocator@D@2@@std@@H@std@@QAE@Upiecewise_construct_t@1@V?$tuple@$$QAV?$basic_string@DU?$char_traits@D@std@@V?$allocator@D@2@@std@@@1@V?$tuple@$$$V@1@@Z 10013470 f i ehl.ftpdata.save.obj
 0002:000024c0       ??$?0$$QAV?$basic_string@DU?$char_traits@D@std@@V?$allocator@D@2@@std@@PAPAX@?$tuple@$$QAV?$basic_string@DU?$char_traits@D@std@@V?$allocator@D@2@@std@@@std@@QAE@$$QAV01@@Z 100134c0 f i ehl.ftpdata.save.obj
 0002:00002520       ??$?0AAV?$_Tree_iterator@V?$_Tree_val@U?$_Tree_simple_types@U?$pair@$$CBV?$basic_string@DU?$char_traits@D@std@@V?$allocator@D@2@@std@@H@std@@@std@@@std@@@std@@_NX@?$pair@V?$_Tree_iterator@V?$_Tree_val@U?$_Tree_simple_types@U?$pair@$$CBV?$basic_string@DU?$char_traits@D@std@@V?$allocator@D@2@@std@@H@std@@@std@@@std@@@std@@_N@std@@QAE@AAV?$_Tree_iterator@V?$_Tree_val@U?$_Tree_simple_types@U?$pair@$$CBV?$basic_string@DU?$char_traits@D@std@@V?$allocator@D@2@@std@@H@std@@@std@@@std@@@1@$$QA_N@Z 10013520 f i ehl.ftpdata.save.obj
 0002:000025c0       ??$?0AAV?$_Tree_iterator@V?$_Tree_val@U?$_Tree_simple_types@U?$pair@$$CBV?$basic_string@DU?$char_traits@D@std@@V?$allocator@D@2@@std@@V12@@std@@@std@@@std@@@std@@_NX@?$pair@V?$_Tree_iterator@V?$_Tree_val@U?$_Tree_simple_types@U?$pair@$$CBV?$basic_string@DU?$char_traits@D@std@@V?$allocator@D@2@@std@@V12@@std@@@std@@@std@@@std@@_N@std@@QAE@AAV?$_Tree_iterator@V?$_Tree_val@U?$_Tree_simple_types@U?$pair@$$CBV?$basic_string@DU?$char_traits@D@std@@V?$allocator@D@2@@std@@V12@@std@@@std@@@std@@@1@$$QA_N@Z 100135c0 f i ehl.ftpdata.save.obj
 0002:00002660       ??$?0AAV?$basic_string@DU?$char_traits@D@std@@V?$allocator@D@2@@std@@AAPBDX@?$pair@V?$basic_string@DU?$char_traits@D@std@@V?$allocator@D@2@@std@@V12@@std@@QAE@AAV?$basic_string@DU?$char_traits@D@std@@V?$allocator@D@2@@1@AAPBD@Z 10013660 f i ehl.ftpdata.save.obj
 0002:00002700       ??$?0AAY0BAA@DAAPADX@?$pair@V?$basic_string@DU?$char_traits@D@std@@V?$allocator@D@2@@std@@V12@@std@@QAE@AAY0BAA@DAAPAD@Z 10013700 f i ehl.ftpdata.save.obj
 0002:000027a0       ??$?0U?$_Tree_node@U?$pair@$$CBV?$basic_string@DU?$char_traits@D@std@@V?$allocator@D@2@@std@@H@std@@PAX@std@@@?$allocator@U_Container_proxy@std@@@std@@QAE@ABV?$allocator@U?$_Tree_node@U?$pair@$$CBV?$basic_string@DU?$char_traits@D@std@@V?$allocator@D@2@@std@@H@std@@PAX@std@@@1@@Z 100137a0 f i ehl.ftpdata.save.obj
 0002:000027c0       ??$?0U?$_Tree_node@U?$pair@$$CBV?$basic_string@DU?$char_traits@D@std@@V?$allocator@D@2@@std@@V12@@std@@PAX@std@@@?$allocator@U_Container_proxy@std@@@std@@QAE@ABV?$allocator@U?$_Tree_node@U?$pair@$$CBV?$basic_string@DU?$char_traits@D@std@@V?$allocator@D@2@@std@@V12@@std@@PAX@std@@@1@@Z 100137c0 f i ehl.ftpdata.save.obj
 0002:000027e0       ??$?0U?$_Wrap_alloc@V?$allocator@U?$_Tree_node@U?$pair@$$CBV?$basic_string@DU?$char_traits@D@std@@V?$allocator@D@2@@std@@H@std@@PAX@std@@@std@@@std@@@?$_Wrap_alloc@V?$allocator@U_Container_proxy@std@@@std@@@std@@QAE@ABU?$_Wrap_alloc@V?$allocator@U?$_Tree_node@U?$pair@$$CBV?$basic_string@DU?$char_traits@D@std@@V?$allocator@D@2@@std@@H@std@@PAX@std@@@std@@@1@@Z 100137e0 f i ehl.ftpdata.save.obj
 0002:00002810       ??$?0U?$_Wrap_alloc@V?$allocator@U?$_Tree_node@U?$pair@$$CBV?$basic_string@DU?$char_traits@D@std@@V?$allocator@D@2@@std@@V12@@std@@PAX@std@@@std@@@std@@@?$_Wrap_alloc@V?$allocator@U_Container_proxy@std@@@std@@@std@@QAE@ABU?$_Wrap_alloc@V?$allocator@U?$_Tree_node@U?$pair@$$CBV?$basic_string@DU?$char_traits@D@std@@V?$allocator@D@2@@std@@V12@@std@@PAX@std@@@std@@@1@@Z 10013810 f i ehl.ftpdata.save.obj
 0002:00002840       ??$?0V?$_Tree_iterator@V?$_Tree_val@U?$_Tree_simple_types@U?$pair@$$CBV?$basic_string@DU?$char_traits@D@std@@V?$allocator@D@2@@std@@H@std@@@std@@@std@@@std@@_NX@?$pair@V?$_Tree_iterator@V?$_Tree_val@U?$_Tree_simple_types@U?$pair@$$CBV?$basic_string@DU?$char_traits@D@std@@V?$allocator@D@2@@std@@H@std@@@std@@@std@@@std@@_N@std@@QAE@$$QAV?$_Tree_iterator@V?$_Tree_val@U?$_Tree_simple_types@U?$pair@$$CBV?$basic_string@DU?$char_traits@D@std@@V?$allocator@D@2@@std@@H@std@@@std@@@std@@@1@$$QA_N@Z 10013840 f i ehl.ftpdata.save.obj
 0002:000028e0       ??$?0V?$_Tree_iterator@V?$_Tree_val@U?$_Tree_simple_types@U?$pair@$$CBV?$basic_string@DU?$char_traits@D@std@@V?$allocator@D@2@@std@@V12@@std@@@std@@@std@@@std@@_NX@?$pair@V?$_Tree_iterator@V?$_Tree_val@U?$_Tree_simple_types@U?$pair@$$CBV?$basic_string@DU?$char_traits@D@std@@V?$allocator@D@2@@std@@V12@@std@@@std@@@std@@@std@@_N@std@@QAE@$$QAV?$_Tree_iterator@V?$_Tree_val@U?$_Tree_simple_types@U?$pair@$$CBV?$basic_string@DU?$char_traits@D@std@@V?$allocator@D@2@@std@@V12@@std@@@std@@@std@@@1@$$QA_N@Z 100138e0 f i ehl.ftpdata.save.obj
 0002:00002980       ??$?0V?$basic_string@DU?$char_traits@D@std@@V?$allocator@D@2@@std@@$$$VPAPAX@?$tuple@$$QAV?$basic_string@DU?$char_traits@D@std@@V?$allocator@D@2@@std@@@std@@QAE@$$QAV?$basic_string@DU?$char_traits@D@std@@V?$allocator@D@2@@1@@Z 10013980 f i ehl.ftpdata.save.obj
 0002:000029d0       ??$?0V?$basic_string@DU?$char_traits@D@std@@V?$allocator@D@2@@std@@@?$_Tuple_val@$$QAV?$basic_string@DU?$char_traits@D@std@@V?$allocator@D@2@@std@@@std@@QAE@$$QAV?$basic_string@DU?$char_traits@D@std@@V?$allocator@D@2@@1@@Z 100139d0 f i ehl.ftpdata.save.obj
 0002:00002a10       ??$?0V?$basic_string@DU?$char_traits@D@std@@V?$allocator@D@2@@std@@V01@X@?$pair@$$CBV?$basic_string@DU?$char_traits@D@std@@V?$allocator@D@2@@std@@V12@@std@@QAE@$$QAU?$pair@V?$basic_string@DU?$char_traits@D@std@@V?$allocator@D@2@@std@@V12@@1@@Z 10013a10 f i ehl.ftpdata.save.obj
 0002:00002ab0       ??$?0V?$tuple@$$QAV?$basic_string@DU?$char_traits@D@std@@V?$allocator@D@2@@std@@@std@@V?$tuple@$$$V@1@$0A@$S@?$pair@$$CBV?$basic_string@DU?$char_traits@D@std@@V?$allocator@D@2@@std@@H@std@@QAE@AAV?$tuple@$$QAV?$basic_string@DU?$char_traits@D@std@@V?$allocator@D@2@@std@@@1@AAV?$tuple@$$$V@1@U?$_Arg_idx@$0A@@1@U?$_Arg_idx@$S@1@@Z 10013ab0 f i ehl.ftpdata.save.obj
 0002:00002b00       ??$?MDU?$char_traits@D@std@@V?$allocator@D@1@@std@@YA_NABV?$basic_string@DU?$char_traits@D@std@@V?$allocator@D@2@@0@0@Z 10013b00 f i ehl.ftpdata.save.obj
 0002:00002b40       ??$_Allocate@D@std@@YAPADIPAD@Z 10013b40 f i ehl.ftpdata.save.obj
 0002:00002ba0       ??$_Allocate@U?$_List_node@PAU_tmpdata@waitproc_info@@PAX@std@@@std@@YAPAU?$_List_node@PAU_tmpdata@waitproc_info@@PAX@0@IPAU10@@Z 10013ba0 f i ehl.ftpdata.save.obj
 0002:00002c00       ??$_Allocate@U?$_Tree_node@U?$pair@$$CBV?$basic_string@DU?$char_traits@D@std@@V?$allocator@D@2@@std@@H@std@@PAX@std@@@std@@YAPAU?$_Tree_node@U?$pair@$$CBV?$basic_string@DU?$char_traits@D@std@@V?$allocator@D@2@@std@@H@std@@PAX@0@IPAU10@@Z 10013c00 f i ehl.ftpdata.save.obj
 0002:00002c60       ??$_Allocate@U?$_Tree_node@U?$pair@$$CBV?$basic_string@DU?$char_traits@D@std@@V?$allocator@D@2@@std@@V12@@std@@PAX@std@@@std@@YAPAU?$_Tree_node@U?$pair@$$CBV?$basic_string@DU?$char_traits@D@std@@V?$allocator@D@2@@std@@V12@@std@@PAX@0@IPAU10@@Z 10013c60 f i ehl.ftpdata.save.obj
 0002:00002cc0       ??$_Allocate@U_Container_proxy@std@@@std@@YAPAU_Container_proxy@0@IPAU10@@Z 10013cc0 f i ehl.ftpdata.save.obj
 0002:00002d20       ??$_Buynode@ABQAU_tmpdata@waitproc_info@@@?$_List_buy@PAU_tmpdata@waitproc_info@@V?$allocator@PAU_tmpdata@waitproc_info@@@std@@@std@@QAEPAU?$_List_node@PAU_tmpdata@waitproc_info@@PAX@1@PAU21@0ABQAU_tmpdata@waitproc_info@@@Z 10013d20 f i ehl.ftpdata.save.obj
 0002:00002e40       ??$_Buynode@ABUpiecewise_construct_t@std@@V?$tuple@$$QAV?$basic_string@DU?$char_traits@D@std@@V?$allocator@D@2@@std@@@2@V?$tuple@$$$V@2@@?$_Tree_buy@U?$pair@$$CBV?$basic_string@DU?$char_traits@D@std@@V?$allocator@D@2@@std@@H@std@@V?$allocator@U?$pair@$$CBV?$basic_string@DU?$char_traits@D@std@@V?$allocator@D@2@@std@@H@std@@@2@@std@@QAEPAU?$_Tree_node@U?$pair@$$CBV?$basic_string@DU?$char_traits@D@std@@V?$allocator@D@2@@std@@H@std@@PAX@1@ABUpiecewise_construct_t@1@$$QAV?$tuple@$$QAV?$basic_string@DU?$char_traits@D@std@@V?$allocator@D@2@@std@@@1@$$QAV?$tuple@$$$V@1@@Z 10013e40 f i ehl.ftpdata.save.obj
 0002:00002fa0       ??$_Buynode@U?$pair@V?$basic_string@DU?$char_traits@D@std@@V?$allocator@D@2@@std@@V12@@std@@@?$_Tree_buy@U?$pair@$$CBV?$basic_string@DU?$char_traits@D@std@@V?$allocator@D@2@@std@@V12@@std@@V?$allocator@U?$pair@$$CBV?$basic_string@DU?$char_traits@D@std@@V?$allocator@D@2@@std@@V12@@std@@@2@@std@@QAEPAU?$_Tree_node@U?$pair@$$CBV?$basic_string@DU?$char_traits@D@std@@V?$allocator@D@2@@std@@V12@@std@@PAX@1@$$QAU?$pair@V?$basic_string@DU?$char_traits@D@std@@V?$allocator@D@2@@std@@V12@@1@@Z 10013fa0 f i ehl.ftpdata.save.obj
 0002:000030d0       ??$_Buynode_if_nil@AAU?$pair@$$CBV?$basic_string@DU?$char_traits@D@std@@V?$allocator@D@2@@std@@H@std@@@?$_Tree@V?$_Tmap_traits@V?$basic_string@DU?$char_traits@D@std@@V?$allocator@D@2@@std@@HU?$less@V?$basic_string@DU?$char_traits@D@std@@V?$allocator@D@2@@std@@@2@V?$allocator@U?$pair@$$CBV?$basic_string@DU?$char_traits@D@std@@V?$allocator@D@2@@std@@H@std@@@2@$0A@@std@@@std@@IAEPAU?$_Tree_node@U?$pair@$$CBV?$basic_string@DU?$char_traits@D@std@@V?$allocator@D@2@@std@@H@std@@PAX@1@PAU21@AAU?$pair@$$CBV?$basic_string@DU?$char_traits@D@std@@V?$allocator@D@2@@std@@H@1@@Z 100140d0 f i ehl.ftpdata.save.obj
 0002:000030f0       ??$_Buynode_if_nil@AAU?$pair@$$CBV?$basic_string@DU?$char_traits@D@std@@V?$allocator@D@2@@std@@V12@@std@@@?$_Tree@V?$_Tmap_traits@V?$basic_string@DU?$char_traits@D@std@@V?$allocator@D@2@@std@@V12@U?$less@V?$basic_string@DU?$char_traits@D@std@@V?$allocator@D@2@@std@@@2@V?$allocator@U?$pair@$$CBV?$basic_string@DU?$char_traits@D@std@@V?$allocator@D@2@@std@@V12@@std@@@2@$0A@@std@@@std@@IAEPAU?$_Tree_node@U?$pair@$$CBV?$basic_string@DU?$char_traits@D@std@@V?$allocator@D@2@@std@@V12@@std@@PAX@1@PAU21@AAU?$pair@$$CBV?$basic_string@DU?$char_traits@D@std@@V?$allocator@D@2@@std@@V12@@1@@Z 100140f0 f i ehl.ftpdata.save.obj
 0002:00003110       ??$_Debug_lt_pred@U?$less@V?$basic_string@DU?$char_traits@D@std@@V?$allocator@D@2@@std@@@std@@ABV?$basic_string@DU?$char_traits@D@std@@V?$allocator@D@2@@2@ABV32@@std@@YA_NU?$less@V?$basic_string@DU?$char_traits@D@std@@V?$allocator@D@2@@std@@@0@ABV?$basic_string@DU?$char_traits@D@std@@V?$allocator@D@2@@0@1PB_WI@Z 10014110 f i ehl.ftpdata.save.obj
 0002:000031b0       ??$_Debug_pointer@D@std@@YAXPBDPB_WI@Z 100141b0 f i ehl.ftpdata.save.obj
 0002:000031f0       ??$_Insert@ABQAU_tmpdata@waitproc_info@@@?$list@PAU_tmpdata@waitproc_info@@V?$allocator@PAU_tmpdata@waitproc_info@@@std@@@std@@QAEXV?$_List_unchecked_const_iterator@V?$_List_val@U?$_List_simple_types@PAU_tmpdata@waitproc_info@@@std@@@std@@U_Iterator_base0@2@@1@ABQAU_tmpdata@waitproc_info@@@Z 100141f0 f i ehl.ftpdata.save.obj
 0002:000032a0       ??$_Insert_at@AAU?$pair@$$CBV?$basic_string@DU?$char_traits@D@std@@V?$allocator@D@2@@std@@H@std@@PAU?$_Tree_node@U?$pair@$$CBV?$basic_string@DU?$char_traits@D@std@@V?$allocator@D@2@@std@@H@std@@PAX@2@@?$_Tree@V?$_Tmap_traits@V?$basic_string@DU?$char_traits@D@std@@V?$allocator@D@2@@std@@HU?$less@V?$basic_string@DU?$char_traits@D@std@@V?$allocator@D@2@@std@@@2@V?$allocator@U?$pair@$$CBV?$basic_string@DU?$char_traits@D@std@@V?$allocator@D@2@@std@@H@std@@@2@$0A@@std@@@std@@IAE?AV?$_Tree_iterator@V?$_Tree_val@U?$_Tree_simple_types@U?$pair@$$CBV?$basic_string@DU?$char_traits@D@std@@V?$allocator@D@2@@std@@H@std@@@std@@@std@@@1@_NPAU?$_Tree_node@U?$pair@$$CBV?$basic_string@DU?$char_traits@D@std@@V?$allocator@D@2@@std@@H@std@@PAX@1@AAU?$pair@$$CBV?$basic_string@DU?$char_traits@D@std@@V?$allocator@D@2@@std@@H@1@1@Z 100142a0 f i ehl.ftpdata.save.obj
 0002:000037f0       ??$_Insert_at@AAU?$pair@$$CBV?$basic_string@DU?$char_traits@D@std@@V?$allocator@D@2@@std@@V12@@std@@PAU?$_Tree_node@U?$pair@$$CBV?$basic_string@DU?$char_traits@D@std@@V?$allocator@D@2@@std@@V12@@std@@PAX@2@@?$_Tree@V?$_Tmap_traits@V?$basic_string@DU?$char_traits@D@std@@V?$allocator@D@2@@std@@V12@U?$less@V?$basic_string@DU?$char_traits@D@std@@V?$allocator@D@2@@std@@@2@V?$allocator@U?$pair@$$CBV?$basic_string@DU?$char_traits@D@std@@V?$allocator@D@2@@std@@V12@@std@@@2@$0A@@std@@@std@@IAE?AV?$_Tree_iterator@V?$_Tree_val@U?$_Tree_simple_types@U?$pair@$$CBV?$basic_string@DU?$char_traits@D@std@@V?$allocator@D@2@@std@@V12@@std@@@std@@@std@@@1@_NPAU?$_Tree_node@U?$pair@$$CBV?$basic_string@DU?$char_traits@D@std@@V?$allocator@D@2@@std@@V12@@std@@PAX@1@AAU?$pair@$$CBV?$basic_string@DU?$char_traits@D@std@@V?$allocator@D@2@@std@@V12@@1@1@Z 100147f0 f i ehl.ftpdata.save.obj
 0002:00003d40       ??$_Insert_hint@AAU?$pair@$$CBV?$basic_string@DU?$char_traits@D@std@@V?$allocator@D@2@@std@@H@std@@PAU?$_Tree_node@U?$pair@$$CBV?$basic_string@DU?$char_traits@D@std@@V?$allocator@D@2@@std@@H@std@@PAX@2@@?$_Tree@V?$_Tmap_traits@V?$basic_string@DU?$char_traits@D@std@@V?$allocator@D@2@@std@@HU?$less@V?$basic_string@DU?$char_traits@D@std@@V?$allocator@D@2@@std@@@2@V?$allocator@U?$pair@$$CBV?$basic_string@DU?$char_traits@D@std@@V?$allocator@D@2@@std@@H@std@@@2@$0A@@std@@@std@@IAE?AV?$_Tree_iterator@V?$_Tree_val@U?$_Tree_simple_types@U?$pair@$$CBV?$basic_string@DU?$char_traits@D@std@@V?$allocator@D@2@@std@@H@std@@@std@@@std@@@1@V?$_Tree_const_iterator@V?$_Tree_val@U?$_Tree_simple_types@U?$pair@$$CBV?$basic_string@DU?$char_traits@D@std@@V?$allocator@D@2@@std@@H@std@@@std@@@std@@@1@AAU?$pair@$$CBV?$basic_string@DU?$char_traits@D@std@@V?$allocator@D@2@@std@@H@1@PAU?$_Tree_node@U?$pair@$$CBV?$basic_string@DU?$char_traits@D@std@@V?$allocator@D@2@@std@@H@std@@PAX@1@@Z 10014d40 f i ehl.ftpdata.save.obj
 0002:000053a0       ??$_Insert_nohint@AAU?$pair@$$CBV?$basic_string@DU?$char_traits@D@std@@V?$allocator@D@2@@std@@H@std@@PAU?$_Tree_node@U?$pair@$$CBV?$basic_string@DU?$char_traits@D@std@@V?$allocator@D@2@@std@@H@std@@PAX@2@@?$_Tree@V?$_Tmap_traits@V?$basic_string@DU?$char_traits@D@std@@V?$allocator@D@2@@std@@HU?$less@V?$basic_string@DU?$char_traits@D@std@@V?$allocator@D@2@@std@@@2@V?$allocator@U?$pair@$$CBV?$basic_string@DU?$char_traits@D@std@@V?$allocator@D@2@@std@@H@std@@@2@$0A@@std@@@std@@IAE?AU?$pair@V?$_Tree_iterator@V?$_Tree_val@U?$_Tree_simple_types@U?$pair@$$CBV?$basic_string@DU?$char_traits@D@std@@V?$allocator@D@2@@std@@H@std@@@std@@@std@@@std@@_N@1@_NAAU?$pair@$$CBV?$basic_string@DU?$char_traits@D@std@@V?$allocator@D@2@@std@@H@1@PAU?$_Tree_node@U?$pair@$$CBV?$basic_string@DU?$char_traits@D@std@@V?$allocator@D@2@@std@@H@std@@PAX@1@@Z 100163a0 f i ehl.ftpdata.save.obj
 0002:00005a50       ??$_Insert_nohint@AAU?$pair@$$CBV?$basic_string@DU?$char_traits@D@std@@V?$allocator@D@2@@std@@V12@@std@@PAU?$_Tree_node@U?$pair@$$CBV?$basic_string@DU?$char_traits@D@std@@V?$allocator@D@2@@std@@V12@@std@@PAX@2@@?$_Tree@V?$_Tmap_traits@V?$basic_string@DU?$char_traits@D@std@@V?$allocator@D@2@@std@@V12@U?$less@V?$basic_string@DU?$char_traits@D@std@@V?$allocator@D@2@@std@@@2@V?$allocator@U?$pair@$$CBV?$basic_string@DU?$char_traits@D@std@@V?$allocator@D@2@@std@@V12@@std@@@2@$0A@@std@@@std@@IAE?AU?$pair@V?$_Tree_iterator@V?$_Tree_val@U?$_Tree_simple_types@U?$pair@$$CBV?$basic_string@DU?$char_traits@D@std@@V?$allocator@D@2@@std@@V12@@std@@@std@@@std@@@std@@_N@1@_NAAU?$pair@$$CBV?$basic_string@DU?$char_traits@D@std@@V?$allocator@D@2@@std@@V12@@1@PAU?$_Tree_node@U?$pair@$$CBV?$basic_string@DU?$char_traits@D@std@@V?$allocator@D@2@@std@@V12@@std@@PAX@1@@Z 10016a50 f i ehl.ftpdata.save.obj
 0002:00006110       ??$_Kfn@$$CBV?$basic_string@DU?$char_traits@D@std@@V?$allocator@D@2@@std@@H@?$_Tmap_traits@V?$basic_string@DU?$char_traits@D@std@@V?$allocator@D@2@@std@@HU?$less@V?$basic_string@DU?$char_traits@D@std@@V?$allocator@D@2@@std@@@2@V?$allocator@U?$pair@$$CBV?$basic_string@DU?$char_traits@D@std@@V?$allocator@D@2@@std@@H@std@@@2@$0A@@std@@SAABV?$basic_string@DU?$char_traits@D@std@@V?$allocator@D@2@@1@ABU?$pair@$$CBV?$basic_string@DU?$char_traits@D@std@@V?$allocator@D@2@@std@@H@1@@Z 10017110 f i ehl.ftpdata.save.obj
 0002:00006130       ??$_Kfn@$$CBV?$basic_string@DU?$char_traits@D@std@@V?$allocator@D@2@@std@@V12@@?$_Tmap_traits@V?$basic_string@DU?$char_traits@D@std@@V?$allocator@D@2@@std@@V12@U?$less@V?$basic_string@DU?$char_traits@D@std@@V?$allocator@D@2@@std@@@2@V?$allocator@U?$pair@$$CBV?$basic_string@DU?$char_traits@D@std@@V?$allocator@D@2@@std@@V12@@std@@@2@$0A@@std@@SAABV?$basic_string@DU?$char_traits@D@std@@V?$allocator@D@2@@1@ABU?$pair@$$CBV?$basic_string@DU?$char_traits@D@std@@V?$allocator@D@2@@std@@V12@@1@@Z 10017130 f i ehl.ftpdata.save.obj
 0002:00006150       ??$_Move@AAD@std@@YA$$QADAAD@Z 10017150 f i ehl.ftpdata.save.obj
 0002:00006170       ??$addressof@$$CBU?$pair@$$CBV?$basic_string@DU?$char_traits@D@std@@V?$allocator@D@2@@std@@V12@@std@@@std@@YAPBU?$pair@$$CBV?$basic_string@DU?$char_traits@D@std@@V?$allocator@D@2@@std@@V12@@0@ABU10@@Z 10017170 f i ehl.ftpdata.save.obj
 0002:00006190       ??$addressof@D@std@@YAPADAAD@Z 10017190 f i ehl.ftpdata.save.obj
 0002:000061b0       ??$addressof@PAU?$_List_node@PAU_tmpdata@waitproc_info@@PAX@std@@@std@@YAPAPAU?$_List_node@PAU_tmpdata@waitproc_info@@PAX@0@AAPAU10@@Z 100171b0 f i ehl.ftpdata.save.obj
 0002:000061d0       ??$addressof@PAU?$_Tree_node@U?$pair@$$CBV?$basic_string@DU?$char_traits@D@std@@V?$allocator@D@2@@std@@H@std@@PAX@std@@@std@@YAPAPAU?$_Tree_node@U?$pair@$$CBV?$basic_string@DU?$char_traits@D@std@@V?$allocator@D@2@@std@@H@std@@PAX@0@AAPAU10@@Z 100171d0 f i ehl.ftpdata.save.obj
 0002:000061f0       ??$addressof@PAU?$_Tree_node@U?$pair@$$CBV?$basic_string@DU?$char_traits@D@std@@V?$allocator@D@2@@std@@V12@@std@@PAX@std@@@std@@YAPAPAU?$_Tree_node@U?$pair@$$CBV?$basic_string@DU?$char_traits@D@std@@V?$allocator@D@2@@std@@V12@@std@@PAX@0@AAPAU10@@Z 100171f0 f i ehl.ftpdata.save.obj
 0002:00006210       ??$addressof@PAU_tmpdata@waitproc_info@@@std@@YAPAPAU_tmpdata@waitproc_info@@AAPAU12@@Z 10017210 f i ehl.ftpdata.save.obj
 0002:00006230       ??$addressof@QAU_tmpdata@waitproc_info@@@std@@YAPBQAU_tmpdata@waitproc_info@@ABQAU12@@Z 10017230 f i ehl.ftpdata.save.obj
 0002:00006250       ??$addressof@U?$pair@$$CBV?$basic_string@DU?$char_traits@D@std@@V?$allocator@D@2@@std@@H@std@@@std@@YAPAU?$pair@$$CBV?$basic_string@DU?$char_traits@D@std@@V?$allocator@D@2@@std@@H@0@AAU10@@Z 10017250 f i ehl.ftpdata.save.obj
 0002:00006270       ??$addressof@U?$pair@$$CBV?$basic_string@DU?$char_traits@D@std@@V?$allocator@D@2@@std@@V12@@std@@@std@@YAPAU?$pair@$$CBV?$basic_string@DU?$char_traits@D@std@@V?$allocator@D@2@@std@@V12@@0@AAU10@@Z 10017270 f i ehl.ftpdata.save.obj
 0002:00006290       ??$construct@PADAAPAD@?$_Wrap_alloc@V?$allocator@D@std@@@std@@QAEXPAPADAAPAD@Z 10017290 f i ehl.ftpdata.save.obj
 0002:000062d0       ??$construct@PADAAPAD@?$allocator@D@std@@QAEXPAPADAAPAD@Z 100172d0 f i ehl.ftpdata.save.obj
 0002:00006380       ??$construct@PADAAPAD@?$allocator_traits@V?$allocator@D@std@@@std@@SAXAAV?$allocator@D@1@PAPADAAPAD@Z 10017380 f i ehl.ftpdata.save.obj
 0002:000063c0       ??$construct@PAU?$_List_node@PAU_tmpdata@waitproc_info@@PAX@std@@AAPAU12@@?$_Wrap_alloc@V?$allocator@U?$_List_node@PAU_tmpdata@waitproc_info@@PAX@std@@@std@@@std@@QAEXPAPAU?$_List_node@PAU_tmpdata@waitproc_info@@PAX@1@AAPAU21@@Z 100173c0 f i ehl.ftpdata.save.obj
 0002:00006400       ??$construct@PAU?$_List_node@PAU_tmpdata@waitproc_info@@PAX@std@@AAPAU12@@?$allocator@U?$_List_node@PAU_tmpdata@waitproc_info@@PAX@std@@@std@@QAEXPAPAU?$_List_node@PAU_tmpdata@waitproc_info@@PAX@1@AAPAU21@@Z 10017400 f i ehl.ftpdata.save.obj
 0002:000064b0       ??$construct@PAU?$_List_node@PAU_tmpdata@waitproc_info@@PAX@std@@AAPAU12@@?$allocator_traits@V?$allocator@U?$_List_node@PAU_tmpdata@waitproc_info@@PAX@std@@@std@@@std@@SAXAAV?$allocator@U?$_List_node@PAU_tmpdata@waitproc_info@@PAX@std@@@1@PAPAU?$_List_node@PAU_tmpdata@waitproc_info@@PAX@1@AAPAU31@@Z 100174b0 f i ehl.ftpdata.save.obj
 0002:000064f0       ??$construct@PAU?$_Tree_node@U?$pair@$$CBV?$basic_string@DU?$char_traits@D@std@@V?$allocator@D@2@@std@@H@std@@PAX@std@@AAPAU12@@?$_Wrap_alloc@V?$allocator@U?$_Tree_node@U?$pair@$$CBV?$basic_string@DU?$char_traits@D@std@@V?$allocator@D@2@@std@@H@std@@PAX@std@@@std@@@std@@QAEXPAPAU?$_Tree_node@U?$pair@$$CBV?$basic_string@DU?$char_traits@D@std@@V?$allocator@D@2@@std@@H@std@@PAX@1@AAPAU21@@Z 100174f0 f i ehl.ftpdata.save.obj
 0002:00006530       ??$construct@PAU?$_Tree_node@U?$pair@$$CBV?$basic_string@DU?$char_traits@D@std@@V?$allocator@D@2@@std@@H@std@@PAX@std@@AAPAU12@@?$allocator@U?$_Tree_node@U?$pair@$$CBV?$basic_string@DU?$char_traits@D@std@@V?$allocator@D@2@@std@@H@std@@PAX@std@@@std@@QAEXPAPAU?$_Tree_node@U?$pair@$$CBV?$basic_string@DU?$char_traits@D@std@@V?$allocator@D@2@@std@@H@std@@PAX@1@AAPAU21@@Z 10017530 f i ehl.ftpdata.save.obj
 0002:000065e0       ??$construct@PAU?$_Tree_node@U?$pair@$$CBV?$basic_string@DU?$char_traits@D@std@@V?$allocator@D@2@@std@@H@std@@PAX@std@@AAPAU12@@?$allocator_traits@V?$allocator@U?$_Tree_node@U?$pair@$$CBV?$basic_string@DU?$char_traits@D@std@@V?$allocator@D@2@@std@@H@std@@PAX@std@@@std@@@std@@SAXAAV?$allocator@U?$_Tree_node@U?$pair@$$CBV?$basic_string@DU?$char_traits@D@std@@V?$allocator@D@2@@std@@H@std@@PAX@std@@@1@PAPAU?$_Tree_node@U?$pair@$$CBV?$basic_string@DU?$char_traits@D@std@@V?$allocator@D@2@@std@@H@std@@PAX@1@AAPAU31@@Z 100175e0 f i ehl.ftpdata.save.obj
 0002:00006620       ??$construct@PAU?$_Tree_node@U?$pair@$$CBV?$basic_string@DU?$char_traits@D@std@@V?$allocator@D@2@@std@@V12@@std@@PAX@std@@AAPAU12@@?$_Wrap_alloc@V?$allocator@U?$_Tree_node@U?$pair@$$CBV?$basic_string@DU?$char_traits@D@std@@V?$allocator@D@2@@std@@V12@@std@@PAX@std@@@std@@@std@@QAEXPAPAU?$_Tree_node@U?$pair@$$CBV?$basic_string@DU?$char_traits@D@std@@V?$allocator@D@2@@std@@V12@@std@@PAX@1@AAPAU21@@Z 10017620 f i ehl.ftpdata.save.obj
 0002:00006660       ??$construct@PAU?$_Tree_node@U?$pair@$$CBV?$basic_string@DU?$char_traits@D@std@@V?$allocator@D@2@@std@@V12@@std@@PAX@std@@AAPAU12@@?$allocator@U?$_Tree_node@U?$pair@$$CBV?$basic_string@DU?$char_traits@D@std@@V?$allocator@D@2@@std@@V12@@std@@PAX@std@@@std@@QAEXPAPAU?$_Tree_node@U?$pair@$$CBV?$basic_string@DU?$char_traits@D@std@@V?$allocator@D@2@@std@@V12@@std@@PAX@1@AAPAU21@@Z 10017660 f i ehl.ftpdata.save.obj
 0002:00006710       ??$construct@PAU?$_Tree_node@U?$pair@$$CBV?$basic_string@DU?$char_traits@D@std@@V?$allocator@D@2@@std@@V12@@std@@PAX@std@@AAPAU12@@?$allocator_traits@V?$allocator@U?$_Tree_node@U?$pair@$$CBV?$basic_string@DU?$char_traits@D@std@@V?$allocator@D@2@@std@@V12@@std@@PAX@std@@@std@@@std@@SAXAAV?$allocator@U?$_Tree_node@U?$pair@$$CBV?$basic_string@DU?$char_traits@D@std@@V?$allocator@D@2@@std@@V12@@std@@PAX@std@@@1@PAPAU?$_Tree_node@U?$pair@$$CBV?$basic_string@DU?$char_traits@D@std@@V?$allocator@D@2@@std@@V12@@std@@PAX@1@AAPAU31@@Z 10017710 f i ehl.ftpdata.save.obj
 0002:00006750       ??$construct@PAU_tmpdata@waitproc_info@@ABQAU12@@?$_Wrap_alloc@V?$allocator@U?$_List_node@PAU_tmpdata@waitproc_info@@PAX@std@@@std@@@std@@QAEXPAPAU_tmpdata@waitproc_info@@ABQAU23@@Z 10017750 f i ehl.ftpdata.save.obj
 0002:00006790       ??$construct@PAU_tmpdata@waitproc_info@@ABQAU12@@?$allocator@U?$_List_node@PAU_tmpdata@waitproc_info@@PAX@std@@@std@@QAEXPAPAU_tmpdata@waitproc_info@@ABQAU23@@Z 10017790 f i ehl.ftpdata.save.obj
 0002:00006840       ??$construct@PAU_tmpdata@waitproc_info@@ABQAU12@@?$allocator_traits@V?$allocator@U?$_List_node@PAU_tmpdata@waitproc_info@@PAX@std@@@std@@@std@@SAXAAV?$allocator@U?$_List_node@PAU_tmpdata@waitproc_info@@PAX@std@@@1@PAPAU_tmpdata@waitproc_info@@ABQAU34@@Z 10017840 f i ehl.ftpdata.save.obj
 0002:00006880       ??$construct@U?$pair@$$CBV?$basic_string@DU?$char_traits@D@std@@V?$allocator@D@2@@std@@H@std@@ABUpiecewise_construct_t@2@V?$tuple@$$QAV?$basic_string@DU?$char_traits@D@std@@V?$allocator@D@2@@std@@@2@V?$tuple@$$$V@2@@?$_Wrap_alloc@V?$allocator@U?$_Tree_node@U?$pair@$$CBV?$basic_string@DU?$char_traits@D@std@@V?$allocator@D@2@@std@@H@std@@PAX@std@@@std@@@std@@QAEXPAU?$pair@$$CBV?$basic_string@DU?$char_traits@D@std@@V?$allocator@D@2@@std@@H@1@ABUpiecewise_construct_t@1@$$QAV?$tuple@$$QAV?$basic_string@DU?$char_traits@D@std@@V?$allocator@D@2@@std@@@1@$$QAV?$tuple@$$$V@1@@Z 10017880 f i ehl.ftpdata.save.obj
 0002:000068e0       ??$construct@U?$pair@$$CBV?$basic_string@DU?$char_traits@D@std@@V?$allocator@D@2@@std@@H@std@@ABUpiecewise_construct_t@2@V?$tuple@$$QAV?$basic_string@DU?$char_traits@D@std@@V?$allocator@D@2@@std@@@2@V?$tuple@$$$V@2@@?$allocator@U?$_Tree_node@U?$pair@$$CBV?$basic_string@DU?$char_traits@D@std@@V?$allocator@D@2@@std@@H@std@@PAX@std@@@std@@QAEXPAU?$pair@$$CBV?$basic_string@DU?$char_traits@D@std@@V?$allocator@D@2@@std@@H@1@ABUpiecewise_construct_t@1@$$QAV?$tuple@$$QAV?$basic_string@DU?$char_traits@D@std@@V?$allocator@D@2@@std@@@1@$$QAV?$tuple@$$$V@1@@Z 100178e0 f i ehl.ftpdata.save.obj
 0002:000069d0       ??$construct@U?$pair@$$CBV?$basic_string@DU?$char_traits@D@std@@V?$allocator@D@2@@std@@H@std@@ABUpiecewise_construct_t@2@V?$tuple@$$QAV?$basic_string@DU?$char_traits@D@std@@V?$allocator@D@2@@std@@@2@V?$tuple@$$$V@2@@?$allocator_traits@V?$allocator@U?$_Tree_node@U?$pair@$$CBV?$basic_string@DU?$char_traits@D@std@@V?$allocator@D@2@@std@@H@std@@PAX@std@@@std@@@std@@SAXAAV?$allocator@U?$_Tree_node@U?$pair@$$CBV?$basic_string@DU?$char_traits@D@std@@V?$allocator@D@2@@std@@H@std@@PAX@std@@@1@PAU?$pair@$$CBV?$basic_string@DU?$char_traits@D@std@@V?$allocator@D@2@@std@@H@1@ABUpiecewise_construct_t@1@$$QAV?$tuple@$$QAV?$basic_string@DU?$char_traits@D@std@@V?$allocator@D@2@@std@@@1@$$QAV?$tuple@$$$V@1@@Z 100179d0 f i ehl.ftpdata.save.obj
 0002:00006a30       ??$construct@U?$pair@$$CBV?$basic_string@DU?$char_traits@D@std@@V?$allocator@D@2@@std@@V12@@std@@U?$pair@V?$basic_string@DU?$char_traits@D@std@@V?$allocator@D@2@@std@@V12@@2@@?$_Wrap_alloc@V?$allocator@U?$_Tree_node@U?$pair@$$CBV?$basic_string@DU?$char_traits@D@std@@V?$allocator@D@2@@std@@V12@@std@@PAX@std@@@std@@@std@@QAEXPAU?$pair@$$CBV?$basic_string@DU?$char_traits@D@std@@V?$allocator@D@2@@std@@V12@@1@$$QAU?$pair@V?$basic_string@DU?$char_traits@D@std@@V?$allocator@D@2@@std@@V12@@1@@Z 10017a30 f i ehl.ftpdata.save.obj
 0002:00006a70       ??$construct@U?$pair@$$CBV?$basic_string@DU?$char_traits@D@std@@V?$allocator@D@2@@std@@V12@@std@@U?$pair@V?$basic_string@DU?$char_traits@D@std@@V?$allocator@D@2@@std@@V12@@2@@?$allocator@U?$_Tree_node@U?$pair@$$CBV?$basic_string@DU?$char_traits@D@std@@V?$allocator@D@2@@std@@V12@@std@@PAX@std@@@std@@QAEXPAU?$pair@$$CBV?$basic_string@DU?$char_traits@D@std@@V?$allocator@D@2@@std@@V12@@1@$$QAU?$pair@V?$basic_string@DU?$char_traits@D@std@@V?$allocator@D@2@@std@@V12@@1@@Z 10017a70 f i ehl.ftpdata.save.obj
 0002:00006b20       ??$construct@U?$pair@$$CBV?$basic_string@DU?$char_traits@D@std@@V?$allocator@D@2@@std@@V12@@std@@U?$pair@V?$basic_string@DU?$char_traits@D@std@@V?$allocator@D@2@@std@@V12@@2@@?$allocator_traits@V?$allocator@U?$_Tree_node@U?$pair@$$CBV?$basic_string@DU?$char_traits@D@std@@V?$allocator@D@2@@std@@V12@@std@@PAX@std@@@std@@@std@@SAXAAV?$allocator@U?$_Tree_node@U?$pair@$$CBV?$basic_string@DU?$char_traits@D@std@@V?$allocator@D@2@@std@@V12@@std@@PAX@std@@@1@PAU?$pair@$$CBV?$basic_string@DU?$char_traits@D@std@@V?$allocator@D@2@@std@@V12@@1@$$QAU?$pair@V?$basic_string@DU?$char_traits@D@std@@V?$allocator@D@2@@std@@V12@@1@@Z 10017b20 f i ehl.ftpdata.save.obj
 0002:00006b60       ??$construct@U_Container_proxy@std@@U12@@?$_Wrap_alloc@V?$allocator@U_Container_proxy@std@@@std@@@std@@QAEXPAU_Container_proxy@1@$$QAU21@@Z 10017b60 f i ehl.ftpdata.save.obj
 0002:00006ba0       ??$construct@U_Container_proxy@std@@U12@@?$allocator@U_Container_proxy@std@@@std@@QAEXPAU_Container_proxy@1@$$QAU21@@Z 10017ba0 f i ehl.ftpdata.save.obj
 0002:00006c60       ??$construct@U_Container_proxy@std@@U12@@?$allocator_traits@V?$allocator@U_Container_proxy@std@@@std@@@std@@SAXAAV?$allocator@U_Container_proxy@std@@@1@PAU_Container_proxy@1@$$QAU31@@Z 10017c60 f i ehl.ftpdata.save.obj
 0002:00006ca0       ??$destroy@PAD@?$_Wrap_alloc@V?$allocator@D@std@@@std@@QAEXPAPAD@Z 10017ca0 f i ehl.ftpdata.save.obj
 0002:00006cd0       ??$destroy@PAD@?$allocator@D@std@@QAEXPAPAD@Z 10017cd0 f i ehl.ftpdata.save.obj
 0002:00006cf0       ??$destroy@PAD@?$allocator_traits@V?$allocator@D@std@@@std@@SAXAAV?$allocator@D@1@PAPAD@Z 10017cf0 f i ehl.ftpdata.save.obj
 0002:00006d20       ??$destroy@PAU?$_List_node@PAU_tmpdata@waitproc_info@@PAX@std@@@?$_Wrap_alloc@V?$allocator@U?$_List_node@PAU_tmpdata@waitproc_info@@PAX@std@@@std@@@std@@QAEXPAPAU?$_List_node@PAU_tmpdata@waitproc_info@@PAX@1@@Z 10017d20 f i ehl.ftpdata.save.obj
 0002:00006d50       ??$destroy@PAU?$_List_node@PAU_tmpdata@waitproc_info@@PAX@std@@@?$allocator@U?$_List_node@PAU_tmpdata@waitproc_info@@PAX@std@@@std@@QAEXPAPAU?$_List_node@PAU_tmpdata@waitproc_info@@PAX@1@@Z 10017d50 f i ehl.ftpdata.save.obj
 0002:00006d70       ??$destroy@PAU?$_List_node@PAU_tmpdata@waitproc_info@@PAX@std@@@?$allocator_traits@V?$allocator@U?$_List_node@PAU_tmpdata@waitproc_info@@PAX@std@@@std@@@std@@SAXAAV?$allocator@U?$_List_node@PAU_tmpdata@waitproc_info@@PAX@std@@@1@PAPAU?$_List_node@PAU_tmpdata@waitproc_info@@PAX@1@@Z 10017d70 f i ehl.ftpdata.save.obj
 0002:00006da0       ??$destroy@PAU?$_Tree_node@U?$pair@$$CBV?$basic_string@DU?$char_traits@D@std@@V?$allocator@D@2@@std@@H@std@@PAX@std@@@?$_Wrap_alloc@V?$allocator@U?$_Tree_node@U?$pair@$$CBV?$basic_string@DU?$char_traits@D@std@@V?$allocator@D@2@@std@@H@std@@PAX@std@@@std@@@std@@QAEXPAPAU?$_Tree_node@U?$pair@$$CBV?$basic_string@DU?$char_traits@D@std@@V?$allocator@D@2@@std@@H@std@@PAX@1@@Z 10017da0 f i ehl.ftpdata.save.obj
 0002:00006dd0       ??$destroy@PAU?$_Tree_node@U?$pair@$$CBV?$basic_string@DU?$char_traits@D@std@@V?$allocator@D@2@@std@@H@std@@PAX@std@@@?$allocator@U?$_Tree_node@U?$pair@$$CBV?$basic_string@DU?$char_traits@D@std@@V?$allocator@D@2@@std@@H@std@@PAX@std@@@std@@QAEXPAPAU?$_Tree_node@U?$pair@$$CBV?$basic_string@DU?$char_traits@D@std@@V?$allocator@D@2@@std@@H@std@@PAX@1@@Z 10017dd0 f i ehl.ftpdata.save.obj
 0002:00006df0       ??$destroy@PAU?$_Tree_node@U?$pair@$$CBV?$basic_string@DU?$char_traits@D@std@@V?$allocator@D@2@@std@@H@std@@PAX@std@@@?$allocator_traits@V?$allocator@U?$_Tree_node@U?$pair@$$CBV?$basic_string@DU?$char_traits@D@std@@V?$allocator@D@2@@std@@H@std@@PAX@std@@@std@@@std@@SAXAAV?$allocator@U?$_Tree_node@U?$pair@$$CBV?$basic_string@DU?$char_traits@D@std@@V?$allocator@D@2@@std@@H@std@@PAX@std@@@1@PAPAU?$_Tree_node@U?$pair@$$CBV?$basic_string@DU?$char_traits@D@std@@V?$allocator@D@2@@std@@H@std@@PAX@1@@Z 10017df0 f i ehl.ftpdata.save.obj
 0002:00006e20       ??$destroy@PAU?$_Tree_node@U?$pair@$$CBV?$basic_string@DU?$char_traits@D@std@@V?$allocator@D@2@@std@@V12@@std@@PAX@std@@@?$_Wrap_alloc@V?$allocator@U?$_Tree_node@U?$pair@$$CBV?$basic_string@DU?$char_traits@D@std@@V?$allocator@D@2@@std@@V12@@std@@PAX@std@@@std@@@std@@QAEXPAPAU?$_Tree_node@U?$pair@$$CBV?$basic_string@DU?$char_traits@D@std@@V?$allocator@D@2@@std@@V12@@std@@PAX@1@@Z 10017e20 f i ehl.ftpdata.save.obj
 0002:00006e50       ??$destroy@PAU?$_Tree_node@U?$pair@$$CBV?$basic_string@DU?$char_traits@D@std@@V?$allocator@D@2@@std@@V12@@std@@PAX@std@@@?$allocator@U?$_Tree_node@U?$pair@$$CBV?$basic_string@DU?$char_traits@D@std@@V?$allocator@D@2@@std@@V12@@std@@PAX@std@@@std@@QAEXPAPAU?$_Tree_node@U?$pair@$$CBV?$basic_string@DU?$char_traits@D@std@@V?$allocator@D@2@@std@@V12@@std@@PAX@1@@Z 10017e50 f i ehl.ftpdata.save.obj
 0002:00006e70       ??$destroy@PAU?$_Tree_node@U?$pair@$$CBV?$basic_string@DU?$char_traits@D@std@@V?$allocator@D@2@@std@@V12@@std@@PAX@std@@@?$allocator_traits@V?$allocator@U?$_Tree_node@U?$pair@$$CBV?$basic_string@DU?$char_traits@D@std@@V?$allocator@D@2@@std@@V12@@std@@PAX@std@@@std@@@std@@SAXAAV?$allocator@U?$_Tree_node@U?$pair@$$CBV?$basic_string@DU?$char_traits@D@std@@V?$allocator@D@2@@std@@V12@@std@@PAX@std@@@1@PAPAU?$_Tree_node@U?$pair@$$CBV?$basic_string@DU?$char_traits@D@std@@V?$allocator@D@2@@std@@V12@@std@@PAX@1@@Z 10017e70 f i ehl.ftpdata.save.obj
 0002:00006ea0       ??$destroy@PAU_tmpdata@waitproc_info@@@?$_Wrap_alloc@V?$allocator@U?$_List_node@PAU_tmpdata@waitproc_info@@PAX@std@@@std@@@std@@QAEXPAPAU_tmpdata@waitproc_info@@@Z 10017ea0 f i ehl.ftpdata.save.obj
 0002:00006ed0       ??$destroy@PAU_tmpdata@waitproc_info@@@?$allocator@U?$_List_node@PAU_tmpdata@waitproc_info@@PAX@std@@@std@@QAEXPAPAU_tmpdata@waitproc_info@@@Z 10017ed0 f i ehl.ftpdata.save.obj
 0002:00006ef0       ??$destroy@PAU_tmpdata@waitproc_info@@@?$allocator_traits@V?$allocator@U?$_List_node@PAU_tmpdata@waitproc_info@@PAX@std@@@std@@@std@@SAXAAV?$allocator@U?$_List_node@PAU_tmpdata@waitproc_info@@PAX@std@@@1@PAPAU_tmpdata@waitproc_info@@@Z 10017ef0 f i ehl.ftpdata.save.obj
 0002:00006f20       ??$destroy@U?$pair@$$CBV?$basic_string@DU?$char_traits@D@std@@V?$allocator@D@2@@std@@H@std@@@?$_Wrap_alloc@V?$allocator@U?$_Tree_node@U?$pair@$$CBV?$basic_string@DU?$char_traits@D@std@@V?$allocator@D@2@@std@@H@std@@PAX@std@@@std@@@std@@QAEXPAU?$pair@$$CBV?$basic_string@DU?$char_traits@D@std@@V?$allocator@D@2@@std@@H@1@@Z 10017f20 f i ehl.ftpdata.save.obj
 0002:00006f50       ??$destroy@U?$pair@$$CBV?$basic_string@DU?$char_traits@D@std@@V?$allocator@D@2@@std@@H@std@@@?$allocator@U?$_Tree_node@U?$pair@$$CBV?$basic_string@DU?$char_traits@D@std@@V?$allocator@D@2@@std@@H@std@@PAX@std@@@std@@QAEXPAU?$pair@$$CBV?$basic_string@DU?$char_traits@D@std@@V?$allocator@D@2@@std@@H@1@@Z 10017f50 f i ehl.ftpdata.save.obj
 0002:00006f80       ??$destroy@U?$pair@$$CBV?$basic_string@DU?$char_traits@D@std@@V?$allocator@D@2@@std@@H@std@@@?$allocator_traits@V?$allocator@U?$_Tree_node@U?$pair@$$CBV?$basic_string@DU?$char_traits@D@std@@V?$allocator@D@2@@std@@H@std@@PAX@std@@@std@@@std@@SAXAAV?$allocator@U?$_Tree_node@U?$pair@$$CBV?$basic_string@DU?$char_traits@D@std@@V?$allocator@D@2@@std@@H@std@@PAX@std@@@1@PAU?$pair@$$CBV?$basic_string@DU?$char_traits@D@std@@V?$allocator@D@2@@std@@H@1@@Z 10017f80 f i ehl.ftpdata.save.obj
 0002:00006fb0       ??$destroy@U?$pair@$$CBV?$basic_string@DU?$char_traits@D@std@@V?$allocator@D@2@@std@@V12@@std@@@?$_Wrap_alloc@V?$allocator@U?$_Tree_node@U?$pair@$$CBV?$basic_string@DU?$char_traits@D@std@@V?$allocator@D@2@@std@@V12@@std@@PAX@std@@@std@@@std@@QAEXPAU?$pair@$$CBV?$basic_string@DU?$char_traits@D@std@@V?$allocator@D@2@@std@@V12@@1@@Z 10017fb0 f i ehl.ftpdata.save.obj
 0002:00006fe0       ??$destroy@U?$pair@$$CBV?$basic_string@DU?$char_traits@D@std@@V?$allocator@D@2@@std@@V12@@std@@@?$allocator@U?$_Tree_node@U?$pair@$$CBV?$basic_string@DU?$char_traits@D@std@@V?$allocator@D@2@@std@@V12@@std@@PAX@std@@@std@@QAEXPAU?$pair@$$CBV?$basic_string@DU?$char_traits@D@std@@V?$allocator@D@2@@std@@V12@@1@@Z 10017fe0 f i ehl.ftpdata.save.obj
 0002:00007010       ??$destroy@U?$pair@$$CBV?$basic_string@DU?$char_traits@D@std@@V?$allocator@D@2@@std@@V12@@std@@@?$allocator_traits@V?$allocator@U?$_Tree_node@U?$pair@$$CBV?$basic_string@DU?$char_traits@D@std@@V?$allocator@D@2@@std@@V12@@std@@PAX@std@@@std@@@std@@SAXAAV?$allocator@U?$_Tree_node@U?$pair@$$CBV?$basic_string@DU?$char_traits@D@std@@V?$allocator@D@2@@std@@V12@@std@@PAX@std@@@1@PAU?$pair@$$CBV?$basic_string@DU?$char_traits@D@std@@V?$allocator@D@2@@std@@V12@@1@@Z 10018010 f i ehl.ftpdata.save.obj
 0002:00007040       ??$destroy@U_Container_proxy@std@@@?$_Wrap_alloc@V?$allocator@U_Container_proxy@std@@@std@@@std@@QAEXPAU_Container_proxy@1@@Z 10018040 f i ehl.ftpdata.save.obj
 0002:00007070       ??$destroy@U_Container_proxy@std@@@?$allocator@U_Container_proxy@std@@@std@@QAEXPAU_Container_proxy@1@@Z 10018070 f i ehl.ftpdata.save.obj
 0002:00007090       ??$destroy@U_Container_proxy@std@@@?$allocator_traits@V?$allocator@U_Container_proxy@std@@@std@@@std@@SAXAAV?$allocator@U_Container_proxy@std@@@1@PAU_Container_proxy@1@@Z 10018090 f i ehl.ftpdata.save.obj
 0002:000070c0       ??$emplace_hint@ABUpiecewise_construct_t@std@@V?$tuple@$$QAV?$basic_string@DU?$char_traits@D@std@@V?$allocator@D@2@@std@@@2@V?$tuple@$$$V@2@@?$_Tree@V?$_Tmap_traits@V?$basic_string@DU?$char_traits@D@std@@V?$allocator@D@2@@std@@HU?$less@V?$basic_string@DU?$char_traits@D@std@@V?$allocator@D@2@@std@@@2@V?$allocator@U?$pair@$$CBV?$basic_string@DU?$char_traits@D@std@@V?$allocator@D@2@@std@@H@std@@@2@$0A@@std@@@std@@QAE?AV?$_Tree_iterator@V?$_Tree_val@U?$_Tree_simple_types@U?$pair@$$CBV?$basic_string@DU?$char_traits@D@std@@V?$allocator@D@2@@std@@H@std@@@std@@@std@@@1@V?$_Tree_const_iterator@V?$_Tree_val@U?$_Tree_simple_types@U?$pair@$$CBV?$basic_string@DU?$char_traits@D@std@@V?$allocator@D@2@@std@@H@std@@@std@@@std@@@1@ABUpiecewise_construct_t@1@$$QAV?$tuple@$$QAV?$basic_string@DU?$char_traits@D@std@@V?$allocator@D@2@@std@@@1@$$QAV?$tuple@$$$V@1@@Z 100180c0 f i ehl.ftpdata.save.obj
 0002:000071d0       ??$forward@$$QAV?$basic_string@DU?$char_traits@D@std@@V?$allocator@D@2@@std@@@std@@YA$$QAV?$basic_string@DU?$char_traits@D@std@@V?$allocator@D@2@@0@AAV10@@Z 100181d0 f i ehl.ftpdata.save.obj
 0002:000071f0       ??$forward@AAPAD@std@@YAAAPADAAPAD@Z 100181f0 f i ehl.ftpdata.save.obj
 0002:00007210       ??$forward@AAPAU?$_List_node@PAU_tmpdata@waitproc_info@@PAX@std@@@std@@YAAAPAU?$_List_node@PAU_tmpdata@waitproc_info@@PAX@0@AAPAU10@@Z 10018210 f i ehl.ftpdata.save.obj
 0002:00007230       ??$forward@AAPAU?$_Tree_node@U?$pair@$$CBV?$basic_string@DU?$char_traits@D@std@@V?$allocator@D@2@@std@@H@std@@PAX@std@@@std@@YAAAPAU?$_Tree_node@U?$pair@$$CBV?$basic_string@DU?$char_traits@D@std@@V?$allocator@D@2@@std@@H@std@@PAX@0@AAPAU10@@Z 10018230 f i ehl.ftpdata.save.obj
 0002:00007250       ??$forward@AAPAU?$_Tree_node@U?$pair@$$CBV?$basic_string@DU?$char_traits@D@std@@V?$allocator@D@2@@std@@V12@@std@@PAX@std@@@std@@YAAAPAU?$_Tree_node@U?$pair@$$CBV?$basic_string@DU?$char_traits@D@std@@V?$allocator@D@2@@std@@V12@@std@@PAX@0@AAPAU10@@Z 10018250 f i ehl.ftpdata.save.obj
 0002:00007270       ??$forward@AAPBD@std@@YAAAPBDAAPBD@Z 10018270 f i ehl.ftpdata.save.obj
 0002:00007290       ??$forward@AAU?$pair@$$CBV?$basic_string@DU?$char_traits@D@std@@V?$allocator@D@2@@std@@H@std@@@std@@YAAAU?$pair@$$CBV?$basic_string@DU?$char_traits@D@std@@V?$allocator@D@2@@std@@H@0@AAU10@@Z 10018290 f i ehl.ftpdata.save.obj
 0002:000072b0       ??$forward@AAU?$pair@$$CBV?$basic_string@DU?$char_traits@D@std@@V?$allocator@D@2@@std@@V12@@std@@@std@@YAAAU?$pair@$$CBV?$basic_string@DU?$char_traits@D@std@@V?$allocator@D@2@@std@@V12@@0@AAU10@@Z 100182b0 f i ehl.ftpdata.save.obj
 0002:000072d0       ??$forward@AAV?$_Tree_iterator@V?$_Tree_val@U?$_Tree_simple_types@U?$pair@$$CBV?$basic_string@DU?$char_traits@D@std@@V?$allocator@D@2@@std@@H@std@@@std@@@std@@@std@@@std@@YAAAV?$_Tree_iterator@V?$_Tree_val@U?$_Tree_simple_types@U?$pair@$$CBV?$basic_string@DU?$char_traits@D@std@@V?$allocator@D@2@@std@@H@std@@@std@@@std@@@0@AAV10@@Z 100182d0 f i ehl.ftpdata.save.obj
 0002:000072f0       ??$forward@AAV?$_Tree_iterator@V?$_Tree_val@U?$_Tree_simple_types@U?$pair@$$CBV?$basic_string@DU?$char_traits@D@std@@V?$allocator@D@2@@std@@V12@@std@@@std@@@std@@@std@@@std@@YAAAV?$_Tree_iterator@V?$_Tree_val@U?$_Tree_simple_types@U?$pair@$$CBV?$basic_string@DU?$char_traits@D@std@@V?$allocator@D@2@@std@@V12@@std@@@std@@@std@@@0@AAV10@@Z 100182f0 f i ehl.ftpdata.save.obj
 0002:00007310       ??$forward@AAV?$basic_string@DU?$char_traits@D@std@@V?$allocator@D@2@@std@@@std@@YAAAV?$basic_string@DU?$char_traits@D@std@@V?$allocator@D@2@@0@AAV10@@Z 10018310 f i ehl.ftpdata.save.obj
 0002:00007330       ??$forward@AAY0BAA@D@std@@YAAAY0BAA@DAAY0BAA@D@Z 10018330 f i ehl.ftpdata.save.obj
 0002:00007350       ??$forward@ABQAU_tmpdata@waitproc_info@@@std@@YAABQAU_tmpdata@waitproc_info@@ABQAU12@@Z 10018350 f i ehl.ftpdata.save.obj
 0002:00007370       ??$forward@ABUpiecewise_construct_t@std@@@std@@YAABUpiecewise_construct_t@0@ABU10@@Z 10018370 f i ehl.ftpdata.save.obj
 0002:00007390       ??$forward@ABV?$basic_string@DU?$char_traits@D@std@@V?$allocator@D@2@@std@@@std@@YAABV?$basic_string@DU?$char_traits@D@std@@V?$allocator@D@2@@0@ABV10@@Z 10018390 f i ehl.ftpdata.save.obj
 0002:000073b0       ??$forward@U?$pair@V?$basic_string@DU?$char_traits@D@std@@V?$allocator@D@2@@std@@V12@@std@@@std@@YA$$QAU?$pair@V?$basic_string@DU?$char_traits@D@std@@V?$allocator@D@2@@std@@V12@@0@AAU10@@Z 100183b0 f i ehl.ftpdata.save.obj
 0002:000073d0       ??$forward@U_Container_proxy@std@@@std@@YA$$QAU_Container_proxy@0@AAU10@@Z 100183d0 f i ehl.ftpdata.save.obj
 0002:000073f0       ??$forward@V?$_Tree_iterator@V?$_Tree_val@U?$_Tree_simple_types@U?$pair@$$CBV?$basic_string@DU?$char_traits@D@std@@V?$allocator@D@2@@std@@H@std@@@std@@@std@@@std@@@std@@YA$$QAV?$_Tree_iterator@V?$_Tree_val@U?$_Tree_simple_types@U?$pair@$$CBV?$basic_string@DU?$char_traits@D@std@@V?$allocator@D@2@@std@@H@std@@@std@@@std@@@0@AAV10@@Z 100183f0 f i ehl.ftpdata.save.obj
 0002:00007410       ??$forward@V?$_Tree_iterator@V?$_Tree_val@U?$_Tree_simple_types@U?$pair@$$CBV?$basic_string@DU?$char_traits@D@std@@V?$allocator@D@2@@std@@V12@@std@@@std@@@std@@@std@@@std@@YA$$QAV?$_Tree_iterator@V?$_Tree_val@U?$_Tree_simple_types@U?$pair@$$CBV?$basic_string@DU?$char_traits@D@std@@V?$allocator@D@2@@std@@V12@@std@@@std@@@std@@@0@AAV10@@Z 10018410 f i ehl.ftpdata.save.obj
 0002:00007430       ??$forward@V?$basic_string@DU?$char_traits@D@std@@V?$allocator@D@2@@std@@@std@@YA$$QAV?$basic_string@DU?$char_traits@D@std@@V?$allocator@D@2@@0@AAV10@@Z 10018430 f i ehl.ftpdata.save.obj
 0002:00007450       ??$forward@V?$tuple@$$$V@std@@@std@@YA$$QAV?$tuple@$$$V@0@AAV10@@Z 10018450 f i ehl.ftpdata.save.obj
 0002:00007470       ??$forward@V?$tuple@$$QAV?$basic_string@DU?$char_traits@D@std@@V?$allocator@D@2@@std@@@std@@@std@@YA$$QAV?$tuple@$$QAV?$basic_string@DU?$char_traits@D@std@@V?$allocator@D@2@@std@@@0@AAV10@@Z 10018470 f i ehl.ftpdata.save.obj
 0002:00007490       ??$forward@_N@std@@YA$$QA_NAA_N@Z 10018490 f i ehl.ftpdata.save.obj
 0002:000074b0       ??$forward_as_tuple@V?$basic_string@DU?$char_traits@D@std@@V?$allocator@D@2@@std@@@std@@YA?AV?$tuple@$$QAV?$basic_string@DU?$char_traits@D@std@@V?$allocator@D@2@@std@@@0@$$QAV?$basic_string@DU?$char_traits@D@std@@V?$allocator@D@2@@0@@Z 100184b0 f i ehl.ftpdata.save.obj
 0002:000074f0       ??$get@$0A@$$QAV?$basic_string@DU?$char_traits@D@std@@V?$allocator@D@2@@std@@@std@@YA$$QAV?$basic_string@DU?$char_traits@D@std@@V?$allocator@D@2@@0@$$QAV?$tuple@$$QAV?$basic_string@DU?$char_traits@D@std@@V?$allocator@D@2@@std@@@0@@Z 100184f0 f i ehl.ftpdata.save.obj
 0002:00007520       ??$insert@U?$pair@V?$basic_string@DU?$char_traits@D@std@@V?$allocator@D@2@@std@@V12@@std@@@?$_Tree@V?$_Tmap_traits@V?$basic_string@DU?$char_traits@D@std@@V?$allocator@D@2@@std@@V12@U?$less@V?$basic_string@DU?$char_traits@D@std@@V?$allocator@D@2@@std@@@2@V?$allocator@U?$pair@$$CBV?$basic_string@DU?$char_traits@D@std@@V?$allocator@D@2@@std@@V12@@std@@@2@$0A@@std@@@std@@QAE?AU?$pair@V?$_Tree_iterator@V?$_Tree_val@U?$_Tree_simple_types@U?$pair@$$CBV?$basic_string@DU?$char_traits@D@std@@V?$allocator@D@2@@std@@V12@@std@@@std@@@std@@@std@@_N@1@$$QAU?$pair@V?$basic_string@DU?$char_traits@D@std@@V?$allocator@D@2@@std@@V12@@1@@Z 10018520 f i ehl.ftpdata.save.obj
 0002:000075a0       ??$move@AAV?$basic_string@DU?$char_traits@D@std@@V?$allocator@D@2@@std@@@std@@YA$$QAV?$basic_string@DU?$char_traits@D@std@@V?$allocator@D@2@@0@AAV10@@Z 100185a0 f i ehl.ftpdata.save.obj
 0002:000075c0       ??$move@AAV?$tuple@$$QAV?$basic_string@DU?$char_traits@D@std@@V?$allocator@D@2@@std@@@std@@@std@@YA$$QAV?$tuple@$$QAV?$basic_string@DU?$char_traits@D@std@@V?$allocator@D@2@@std@@@0@AAV10@@Z 100185c0 f i ehl.ftpdata.save.obj
 0002:000075e0       ??$swap@D@std@@YAXAAD0@Z   100185e0 f i ehl.ftpdata.save.obj
 0002:00007640       ??0?$_Iterator012@Ubidirectional_iterator_tag@std@@PAU_tmpdata@waitproc_info@@HPBQAU34@ABQAU34@U_Iterator_base12@2@@std@@QAE@ABU01@@Z 10018640 f i ehl.ftpdata.save.obj
 0002:00007670       ??0?$_Iterator012@Ubidirectional_iterator_tag@std@@PAU_tmpdata@waitproc_info@@HPBQAU34@ABQAU34@U_Iterator_base12@2@@std@@QAE@XZ 10018670 f i ehl.ftpdata.save.obj
 0002:000076a0       ??0?$_Iterator012@Ubidirectional_iterator_tag@std@@U?$pair@$$CBV?$basic_string@DU?$char_traits@D@std@@V?$allocator@D@2@@std@@H@2@HPBU32@ABU32@U_Iterator_base12@2@@std@@QAE@ABU01@@Z 100186a0 f i ehl.ftpdata.save.obj
 0002:000076d0       ??0?$_Iterator012@Ubidirectional_iterator_tag@std@@U?$pair@$$CBV?$basic_string@DU?$char_traits@D@std@@V?$allocator@D@2@@std@@H@2@HPBU32@ABU32@U_Iterator_base12@2@@std@@QAE@XZ 100186d0 f i ehl.ftpdata.save.obj
 0002:00007700       ??0?$_Iterator012@Ubidirectional_iterator_tag@std@@U?$pair@$$CBV?$basic_string@DU?$char_traits@D@std@@V?$allocator@D@2@@std@@V12@@2@HPBU32@ABU32@U_Iterator_base12@2@@std@@QAE@ABU01@@Z 10018700 f i ehl.ftpdata.save.obj
 0002:00007730       ??0?$_Iterator012@Ubidirectional_iterator_tag@std@@U?$pair@$$CBV?$basic_string@DU?$char_traits@D@std@@V?$allocator@D@2@@std@@V12@@2@HPBU32@ABU32@U_Iterator_base12@2@@std@@QAE@XZ 10018730 f i ehl.ftpdata.save.obj
 0002:00007760       ??0?$_List_alloc@$0A@U?$_List_base_types@PAU_tmpdata@waitproc_info@@V?$allocator@PAU_tmpdata@waitproc_info@@@std@@@std@@@std@@QAE@ABV?$allocator@PAU_tmpdata@waitproc_info@@@1@@Z 10018760 f i ehl.ftpdata.save.obj
 0002:00007830       ??0?$_List_buy@PAU_tmpdata@waitproc_info@@V?$allocator@PAU_tmpdata@waitproc_info@@@std@@@std@@QAE@ABV?$allocator@PAU_tmpdata@waitproc_info@@@1@@Z 10018830 f i ehl.ftpdata.save.obj
 0002:00007860       ??0?$_List_const_iterator@V?$_List_val@U?$_List_simple_types@PAU_tmpdata@waitproc_info@@@std@@@std@@@std@@QAE@ABV01@@Z 10018860 f i ehl.ftpdata.save.obj
 0002:00007890       ??0?$_List_const_iterator@V?$_List_val@U?$_List_simple_types@PAU_tmpdata@waitproc_info@@@std@@@std@@@std@@QAE@PAU?$_List_node@PAU_tmpdata@waitproc_info@@PAX@1@PBV?$_List_val@U?$_List_simple_types@PAU_tmpdata@waitproc_info@@@std@@@1@@Z 10018890 f i ehl.ftpdata.save.obj
 0002:000078d0       ??0?$_List_iterator@V?$_List_val@U?$_List_simple_types@PAU_tmpdata@waitproc_info@@@std@@@std@@@std@@QAE@ABV01@@Z 100188d0 f i ehl.ftpdata.save.obj
 0002:00007900       ??0?$_List_iterator@V?$_List_val@U?$_List_simple_types@PAU_tmpdata@waitproc_info@@@std@@@std@@@std@@QAE@PAU?$_List_node@PAU_tmpdata@waitproc_info@@PAX@1@PBV?$_List_val@U?$_List_simple_types@PAU_tmpdata@waitproc_info@@@std@@@1@@Z 10018900 f i ehl.ftpdata.save.obj
 0002:00007940       ??0?$_List_unchecked_const_iterator@V?$_List_val@U?$_List_simple_types@PAU_tmpdata@waitproc_info@@@std@@@std@@U_Iterator_base0@2@@std@@QAE@PAU?$_List_node@PAU_tmpdata@waitproc_info@@PAX@1@PBV?$_List_val@U?$_List_simple_types@PAU_tmpdata@waitproc_info@@@std@@@1@@Z 10018940 f i ehl.ftpdata.save.obj
 0002:00007980       ??0?$_List_unchecked_const_iterator@V?$_List_val@U?$_List_simple_types@PAU_tmpdata@waitproc_info@@@std@@@std@@U_Iterator_base12@2@@std@@QAE@ABV01@@Z 10018980 f i ehl.ftpdata.save.obj
 0002:000079c0       ??0?$_List_unchecked_const_iterator@V?$_List_val@U?$_List_simple_types@PAU_tmpdata@waitproc_info@@@std@@@std@@U_Iterator_base12@2@@std@@QAE@PAU?$_List_node@PAU_tmpdata@waitproc_info@@PAX@1@PBV?$_List_val@U?$_List_simple_types@PAU_tmpdata@waitproc_info@@@std@@@1@@Z 100189c0 f i ehl.ftpdata.save.obj
 0002:00007a50       ??0?$_List_unchecked_iterator@V?$_List_val@U?$_List_simple_types@PAU_tmpdata@waitproc_info@@@std@@@std@@@std@@QAE@PAU?$_List_node@PAU_tmpdata@waitproc_info@@PAX@1@PBV?$_List_val@U?$_List_simple_types@PAU_tmpdata@waitproc_info@@@std@@@1@@Z 10018a50 f i ehl.ftpdata.save.obj
 0002:00007a90       ??0?$_List_val@U?$_List_simple_types@PAU_tmpdata@waitproc_info@@@std@@@std@@QAE@XZ 10018a90 f i ehl.ftpdata.save.obj
 0002:00007ad0       ??0?$_String_alloc@$0A@U?$_String_base_types@DV?$allocator@D@std@@@std@@@std@@QAE@ABV?$allocator@D@1@@Z 10018ad0 f i ehl.ftpdata.save.obj
 0002:00007b50       ??0?$_String_val@U?$_Simple_types@D@std@@@std@@QAE@XZ 10018b50 f i ehl.ftpdata.save.obj
 0002:00007b90       ??0?$_Tree@V?$_Tmap_traits@V?$basic_string@DU?$char_traits@D@std@@V?$allocator@D@2@@std@@HU?$less@V?$basic_string@DU?$char_traits@D@std@@V?$allocator@D@2@@std@@@2@V?$allocator@U?$pair@$$CBV?$basic_string@DU?$char_traits@D@std@@V?$allocator@D@2@@std@@H@std@@@2@$0A@@std@@@std@@QAE@ABU?$less@V?$basic_string@DU?$char_traits@D@std@@V?$allocator@D@2@@std@@@1@ABV?$allocator@U?$pair@$$CBV?$basic_string@DU?$char_traits@D@std@@V?$allocator@D@2@@std@@H@std@@@1@@Z 10018b90 f i ehl.ftpdata.save.obj
 0002:00007bd0       ??0?$_Tree@V?$_Tmap_traits@V?$basic_string@DU?$char_traits@D@std@@V?$allocator@D@2@@std@@V12@U?$less@V?$basic_string@DU?$char_traits@D@std@@V?$allocator@D@2@@std@@@2@V?$allocator@U?$pair@$$CBV?$basic_string@DU?$char_traits@D@std@@V?$allocator@D@2@@std@@V12@@std@@@2@$0A@@std@@@std@@QAE@ABU?$less@V?$basic_string@DU?$char_traits@D@std@@V?$allocator@D@2@@std@@@1@ABV?$allocator@U?$pair@$$CBV?$basic_string@DU?$char_traits@D@std@@V?$allocator@D@2@@std@@V12@@std@@@1@@Z 10018bd0 f i ehl.ftpdata.save.obj
 0002:00007c10       ??0?$_Tree_alloc@$0A@U?$_Tree_base_types@U?$pair@$$CBV?$basic_string@DU?$char_traits@D@std@@V?$allocator@D@2@@std@@H@std@@V?$allocator@U?$pair@$$CBV?$basic_string@DU?$char_traits@D@std@@V?$allocator@D@2@@std@@H@std@@@2@@std@@@std@@QAE@ABV?$allocator@U?$pair@$$CBV?$basic_string@DU?$char_traits@D@std@@V?$allocator@D@2@@std@@H@std@@@1@@Z 10018c10 f i ehl.ftpdata.save.obj
 0002:00007ce0       ??0?$_Tree_alloc@$0A@U?$_Tree_base_types@U?$pair@$$CBV?$basic_string@DU?$char_traits@D@std@@V?$allocator@D@2@@std@@V12@@std@@V?$allocator@U?$pair@$$CBV?$basic_string@DU?$char_traits@D@std@@V?$allocator@D@2@@std@@V12@@std@@@2@@std@@@std@@QAE@ABV?$allocator@U?$pair@$$CBV?$basic_string@DU?$char_traits@D@std@@V?$allocator@D@2@@std@@V12@@std@@@1@@Z 10018ce0 f i ehl.ftpdata.save.obj
 0002:00007db0       ??0?$_Tree_buy@U?$pair@$$CBV?$basic_string@DU?$char_traits@D@std@@V?$allocator@D@2@@std@@H@std@@V?$allocator@U?$pair@$$CBV?$basic_string@DU?$char_traits@D@std@@V?$allocator@D@2@@std@@H@std@@@2@@std@@QAE@ABV?$allocator@U?$pair@$$CBV?$basic_string@DU?$char_traits@D@std@@V?$allocator@D@2@@std@@H@std@@@1@@Z 10018db0 f i ehl.ftpdata.save.obj
 0002:00007de0       ??0?$_Tree_buy@U?$pair@$$CBV?$basic_string@DU?$char_traits@D@std@@V?$allocator@D@2@@std@@V12@@std@@V?$allocator@U?$pair@$$CBV?$basic_string@DU?$char_traits@D@std@@V?$allocator@D@2@@std@@V12@@std@@@2@@std@@QAE@ABV?$allocator@U?$pair@$$CBV?$basic_string@DU?$char_traits@D@std@@V?$allocator@D@2@@std@@V12@@std@@@1@@Z 10018de0 f i ehl.ftpdata.save.obj
 0002:00007e10       ??0?$_Tree_comp@$0A@V?$_Tmap_traits@V?$basic_string@DU?$char_traits@D@std@@V?$allocator@D@2@@std@@HU?$less@V?$basic_string@DU?$char_traits@D@std@@V?$allocator@D@2@@std@@@2@V?$allocator@U?$pair@$$CBV?$basic_string@DU?$char_traits@D@std@@V?$allocator@D@2@@std@@H@std@@@2@$0A@@std@@@std@@QAE@ABU?$less@V?$basic_string@DU?$char_traits@D@std@@V?$allocator@D@2@@std@@@1@ABV?$allocator@U?$pair@$$CBV?$basic_string@DU?$char_traits@D@std@@V?$allocator@D@2@@std@@H@std@@@1@@Z 10018e10 f i ehl.ftpdata.save.obj
 0002:00007e40       ??0?$_Tree_comp@$0A@V?$_Tmap_traits@V?$basic_string@DU?$char_traits@D@std@@V?$allocator@D@2@@std@@V12@U?$less@V?$basic_string@DU?$char_traits@D@std@@V?$allocator@D@2@@std@@@2@V?$allocator@U?$pair@$$CBV?$basic_string@DU?$char_traits@D@std@@V?$allocator@D@2@@std@@V12@@std@@@2@$0A@@std@@@std@@QAE@ABU?$less@V?$basic_string@DU?$char_traits@D@std@@V?$allocator@D@2@@std@@@1@ABV?$allocator@U?$pair@$$CBV?$basic_string@DU?$char_traits@D@std@@V?$allocator@D@2@@std@@V12@@std@@@1@@Z 10018e40 f i ehl.ftpdata.save.obj
 0002:00007e70       ??0?$_Tree_const_iterator@V?$_Tree_val@U?$_Tree_simple_types@U?$pair@$$CBV?$basic_string@DU?$char_traits@D@std@@V?$allocator@D@2@@std@@H@std@@@std@@@std@@@std@@QAE@ABV01@@Z 10018e70 f i ehl.ftpdata.save.obj
 0002:00007ea0       ??0?$_Tree_const_iterator@V?$_Tree_val@U?$_Tree_simple_types@U?$pair@$$CBV?$basic_string@DU?$char_traits@D@std@@V?$allocator@D@2@@std@@H@std@@@std@@@std@@@std@@QAE@PAU?$_Tree_node@U?$pair@$$CBV?$basic_string@DU?$char_traits@D@std@@V?$allocator@D@2@@std@@H@std@@PAX@1@PBV?$_Tree_val@U?$_Tree_simple_types@U?$pair@$$CBV?$basic_string@DU?$char_traits@D@std@@V?$allocator@D@2@@std@@H@std@@@std@@@1@@Z 10018ea0 f i ehl.ftpdata.save.obj
 0002:00007ee0       ??0?$_Tree_const_iterator@V?$_Tree_val@U?$_Tree_simple_types@U?$pair@$$CBV?$basic_string@DU?$char_traits@D@std@@V?$allocator@D@2@@std@@H@std@@@std@@@std@@@std@@QAE@XZ 10018ee0 f i ehl.ftpdata.save.obj
 0002:00007f10       ??0?$_Tree_const_iterator@V?$_Tree_val@U?$_Tree_simple_types@U?$pair@$$CBV?$basic_string@DU?$char_traits@D@std@@V?$allocator@D@2@@std@@V12@@std@@@std@@@std@@@std@@QAE@ABV01@@Z 10018f10 f i ehl.ftpdata.save.obj
 0002:00007f40       ??0?$_Tree_const_iterator@V?$_Tree_val@U?$_Tree_simple_types@U?$pair@$$CBV?$basic_string@DU?$char_traits@D@std@@V?$allocator@D@2@@std@@V12@@std@@@std@@@std@@@std@@QAE@PAU?$_Tree_node@U?$pair@$$CBV?$basic_string@DU?$char_traits@D@std@@V?$allocator@D@2@@std@@V12@@std@@PAX@1@PBV?$_Tree_val@U?$_Tree_simple_types@U?$pair@$$CBV?$basic_string@DU?$char_traits@D@std@@V?$allocator@D@2@@std@@V12@@std@@@std@@@1@@Z 10018f40 f i ehl.ftpdata.save.obj
 0002:00007f80       ??0?$_Tree_iterator@V?$_Tree_val@U?$_Tree_simple_types@U?$pair@$$CBV?$basic_string@DU?$char_traits@D@std@@V?$allocator@D@2@@std@@H@std@@@std@@@std@@@std@@QAE@ABV01@@Z 10018f80 f i ehl.ftpdata.save.obj
 0002:00007fb0       ??0?$_Tree_iterator@V?$_Tree_val@U?$_Tree_simple_types@U?$pair@$$CBV?$basic_string@DU?$char_traits@D@std@@V?$allocator@D@2@@std@@H@std@@@std@@@std@@@std@@QAE@PAU?$_Tree_node@U?$pair@$$CBV?$basic_string@DU?$char_traits@D@std@@V?$allocator@D@2@@std@@H@std@@PAX@1@PBV?$_Tree_val@U?$_Tree_simple_types@U?$pair@$$CBV?$basic_string@DU?$char_traits@D@std@@V?$allocator@D@2@@std@@H@std@@@std@@@1@@Z 10018fb0 f i ehl.ftpdata.save.obj
 0002:00007ff0       ??0?$_Tree_iterator@V?$_Tree_val@U?$_Tree_simple_types@U?$pair@$$CBV?$basic_string@DU?$char_traits@D@std@@V?$allocator@D@2@@std@@V12@@std@@@std@@@std@@@std@@QAE@ABV01@@Z 10018ff0 f i ehl.ftpdata.save.obj
 0002:00008020       ??0?$_Tree_iterator@V?$_Tree_val@U?$_Tree_simple_types@U?$pair@$$CBV?$basic_string@DU?$char_traits@D@std@@V?$allocator@D@2@@std@@V12@@std@@@std@@@std@@@std@@QAE@PAU?$_Tree_node@U?$pair@$$CBV?$basic_string@DU?$char_traits@D@std@@V?$allocator@D@2@@std@@V12@@std@@PAX@1@PBV?$_Tree_val@U?$_Tree_simple_types@U?$pair@$$CBV?$basic_string@DU?$char_traits@D@std@@V?$allocator@D@2@@std@@V12@@std@@@std@@@1@@Z 10019020 f i ehl.ftpdata.save.obj
 0002:00008060       ??0?$_Tree_unchecked_const_iterator@V?$_Tree_val@U?$_Tree_simple_types@U?$pair@$$CBV?$basic_string@DU?$char_traits@D@std@@V?$allocator@D@2@@std@@H@std@@@std@@@std@@U_Iterator_base12@2@@std@@QAE@ABV01@@Z 10019060 f i ehl.ftpdata.save.obj
 0002:000080a0       ??0?$_Tree_unchecked_const_iterator@V?$_Tree_val@U?$_Tree_simple_types@U?$pair@$$CBV?$basic_string@DU?$char_traits@D@std@@V?$allocator@D@2@@std@@H@std@@@std@@@std@@U_Iterator_base12@2@@std@@QAE@PAU?$_Tree_node@U?$pair@$$CBV?$basic_string@DU?$char_traits@D@std@@V?$allocator@D@2@@std@@H@std@@PAX@1@PBV?$_Tree_val@U?$_Tree_simple_types@U?$pair@$$CBV?$basic_string@DU?$char_traits@D@std@@V?$allocator@D@2@@std@@H@std@@@std@@@1@@Z 100190a0 f i ehl.ftpdata.save.obj
 0002:00008130       ??0?$_Tree_unchecked_const_iterator@V?$_Tree_val@U?$_Tree_simple_types@U?$pair@$$CBV?$basic_string@DU?$char_traits@D@std@@V?$allocator@D@2@@std@@H@std@@@std@@@std@@U_Iterator_base12@2@@std@@QAE@XZ 10019130 f i ehl.ftpdata.save.obj
 0002:00008170       ??0?$_Tree_unchecked_const_iterator@V?$_Tree_val@U?$_Tree_simple_types@U?$pair@$$CBV?$basic_string@DU?$char_traits@D@std@@V?$allocator@D@2@@std@@V12@@std@@@std@@@std@@U_Iterator_base12@2@@std@@QAE@ABV01@@Z 10019170 f i ehl.ftpdata.save.obj
 0002:000081b0       ??0?$_Tree_unchecked_const_iterator@V?$_Tree_val@U?$_Tree_simple_types@U?$pair@$$CBV?$basic_string@DU?$char_traits@D@std@@V?$allocator@D@2@@std@@V12@@std@@@std@@@std@@U_Iterator_base12@2@@std@@QAE@PAU?$_Tree_node@U?$pair@$$CBV?$basic_string@DU?$char_traits@D@std@@V?$allocator@D@2@@std@@V12@@std@@PAX@1@PBV?$_Tree_val@U?$_Tree_simple_types@U?$pair@$$CBV?$basic_string@DU?$char_traits@D@std@@V?$allocator@D@2@@std@@V12@@std@@@std@@@1@@Z 100191b0 f i ehl.ftpdata.save.obj
 0002:00008240       ??0?$_Tree_val@U?$_Tree_simple_types@U?$pair@$$CBV?$basic_string@DU?$char_traits@D@std@@V?$allocator@D@2@@std@@H@std@@@std@@@std@@QAE@XZ 10019240 f i ehl.ftpdata.save.obj
 0002:00008280       ??0?$_Tree_val@U?$_Tree_simple_types@U?$pair@$$CBV?$basic_string@DU?$char_traits@D@std@@V?$allocator@D@2@@std@@V12@@std@@@std@@@std@@QAE@XZ 10019280 f i ehl.ftpdata.save.obj
 0002:000082c0       ??0?$_Wrap_alloc@V?$allocator@D@std@@@std@@QAE@ABV?$allocator@D@1@@Z 100192c0 f i ehl.ftpdata.save.obj
 0002:000082f0       ??0?$_Wrap_alloc@V?$allocator@D@std@@@std@@QAE@XZ 100192f0 f i ehl.ftpdata.save.obj
 0002:00008320       ??0?$_Wrap_alloc@V?$allocator@U?$_List_node@PAU_tmpdata@waitproc_info@@PAX@std@@@std@@@std@@QAE@XZ 10019320 f i ehl.ftpdata.save.obj
 0002:00008350       ??0?$_Wrap_alloc@V?$allocator@U?$_Tree_node@U?$pair@$$CBV?$basic_string@DU?$char_traits@D@std@@V?$allocator@D@2@@std@@H@std@@PAX@std@@@std@@@std@@QAE@XZ 10019350 f i ehl.ftpdata.save.obj
 0002:00008380       ??0?$_Wrap_alloc@V?$allocator@U?$_Tree_node@U?$pair@$$CBV?$basic_string@DU?$char_traits@D@std@@V?$allocator@D@2@@std@@V12@@std@@PAX@std@@@std@@@std@@QAE@XZ 10019380 f i ehl.ftpdata.save.obj
 0002:000083b0       ??0?$_Wrap_alloc@V?$allocator@U_Container_proxy@std@@@std@@@std@@QAE@XZ 100193b0 f i ehl.ftpdata.save.obj
 0002:000083e0       ??0?$allocator@D@std@@QAE@ABV01@@Z 100193e0 f i ehl.ftpdata.save.obj
 0002:00008400       ??0?$allocator@D@std@@QAE@XZ 10019400 f i ehl.ftpdata.save.obj
 0002:00008420       ??0?$allocator@PAU_tmpdata@waitproc_info@@@std@@QAE@XZ 10019420 f i ehl.ftpdata.save.obj
 0002:00008440       ??0?$allocator@U?$_List_node@PAU_tmpdata@waitproc_info@@PAX@std@@@std@@QAE@XZ 10019440 f i ehl.ftpdata.save.obj
 0002:00008460       ??0?$allocator@U?$_Tree_node@U?$pair@$$CBV?$basic_string@DU?$char_traits@D@std@@V?$allocator@D@2@@std@@H@std@@PAX@std@@@std@@QAE@XZ 10019460 f i ehl.ftpdata.save.obj
 0002:00008480       ??0?$allocator@U?$_Tree_node@U?$pair@$$CBV?$basic_string@DU?$char_traits@D@std@@V?$allocator@D@2@@std@@V12@@std@@PAX@std@@@std@@QAE@XZ 10019480 f i ehl.ftpdata.save.obj
 0002:000084a0       ??0?$allocator@U?$pair@$$CBV?$basic_string@DU?$char_traits@D@std@@V?$allocator@D@2@@std@@H@std@@@std@@QAE@XZ 100194a0 f i ehl.ftpdata.save.obj
 0002:000084c0       ??0?$allocator@U?$pair@$$CBV?$basic_string@DU?$char_traits@D@std@@V?$allocator@D@2@@std@@V12@@std@@@std@@QAE@XZ 100194c0 f i ehl.ftpdata.save.obj
 0002:000084e0       ??0?$allocator@U_Container_proxy@std@@@std@@QAE@XZ 100194e0 f i ehl.ftpdata.save.obj
 0002:00008500       ??0?$basic_string@DU?$char_traits@D@std@@V?$allocator@D@2@@std@@QAE@$$QAV01@@Z 10019500 f i ehl.ftpdata.save.obj
 0002:00008570       ??0?$basic_string@DU?$char_traits@D@std@@V?$allocator@D@2@@std@@QAE@ABV01@@Z 10019570 f i ehl.ftpdata.save.obj
 0002:00008630       ??0?$basic_string@DU?$char_traits@D@std@@V?$allocator@D@2@@std@@QAE@PBD@Z 10019630 f i ehl.ftpdata.save.obj
 0002:000086d0       ??0?$basic_string@DU?$char_traits@D@std@@V?$allocator@D@2@@std@@QAE@XZ 100196d0 f i ehl.ftpdata.save.obj
 0002:00008760       ??0?$list@PAU_tmpdata@waitproc_info@@V?$allocator@PAU_tmpdata@waitproc_info@@@std@@@std@@QAE@XZ 10019760 f i ehl.ftpdata.save.obj
 0002:00008790       ??0?$map@V?$basic_string@DU?$char_traits@D@std@@V?$allocator@D@2@@std@@HU?$less@V?$basic_string@DU?$char_traits@D@std@@V?$allocator@D@2@@std@@@2@V?$allocator@U?$pair@$$CBV?$basic_string@DU?$char_traits@D@std@@V?$allocator@D@2@@std@@H@std@@@2@@std@@QAE@XZ 10019790 f i ehl.ftpdata.save.obj
 0002:000087d0       ??0?$map@V?$basic_string@DU?$char_traits@D@std@@V?$allocator@D@2@@std@@V12@U?$less@V?$basic_string@DU?$char_traits@D@std@@V?$allocator@D@2@@std@@@2@V?$allocator@U?$pair@$$CBV?$basic_string@DU?$char_traits@D@std@@V?$allocator@D@2@@std@@V12@@std@@@2@@std@@QAE@XZ 100197d0 f i ehl.ftpdata.save.obj
 0002:00008810       ??0?$tuple@$$$V@std@@QAE@ABV01@@Z 10019810 f i ehl.ftpdata.save.obj
 0002:00008830       ??0?$tuple@$$$V@std@@QAE@XZ 10019830 f i ehl.ftpdata.save.obj
 0002:00008850       ??0_Container_proxy@std@@QAE@XZ 10019850 f i ehl.ftpdata.save.obj
 0002:00008890       ??0_Generic_error_category@std@@QAE@XZ 10019890 f i ehl.ftpdata.save.obj
 0002:000088c0       ??0_Ignore@std@@QAE@XZ     100198c0 f i ehl.ftpdata.save.obj
 0002:000088e0       ??0_Iostream_error_category@std@@QAE@XZ 100198e0 f i ehl.ftpdata.save.obj
 0002:00008910       ??0_Iterator_base12@std@@QAE@ABU01@@Z 10019910 f i ehl.ftpdata.save.obj
 0002:00008960       ??0_Iterator_base12@std@@QAE@XZ 10019960 f i ehl.ftpdata.save.obj
 0002:000089a0       ??0_System_error_category@std@@QAE@XZ 100199a0 f i ehl.ftpdata.save.obj
 0002:000089d0       ??0_tmpdata@waitproc_info@@QAE@XZ 100199d0 f i ehl.ftpdata.save.obj
 0002:00008a70       ??0c_data_convert_hkfilename@@QAE@XZ 10019a70 f i ehl.ftpdata.save.obj
 0002:00008ce0       ??0c_time@@QAE@XZ          10019ce0 f i ehl.ftpdata.save.obj
 0002:00008d00       ??0c_work@@QAE@XZ          10019d00 f i ehl.ftpdata.save.obj
 0002:00008d70       ??0error_category@std@@QAE@XZ 10019d70 f i ehl.ftpdata.save.obj
 0002:00008da0       ??0error_condition@std@@QAE@HABVerror_category@1@@Z 10019da0 f i ehl.ftpdata.save.obj
 0002:00008de0       ??0mux@@QAE@XZ             10019de0 f i ehl.ftpdata.save.obj
 0002:00008e10       ??0waitproc_info@@QAE@XZ   10019e10 f i ehl.ftpdata.save.obj
 0002:00008e40       ??1?$_Iterator012@Ubidirectional_iterator_tag@std@@PAU_tmpdata@waitproc_info@@HPBQAU34@ABQAU34@U_Iterator_base12@2@@std@@QAE@XZ 10019e40 f i ehl.ftpdata.save.obj
 0002:00008e70       ??1?$_Iterator012@Ubidirectional_iterator_tag@std@@U?$pair@$$CBV?$basic_string@DU?$char_traits@D@std@@V?$allocator@D@2@@std@@H@2@HPBU32@ABU32@U_Iterator_base12@2@@std@@QAE@XZ 10019e70 f i ehl.ftpdata.save.obj
 0002:00008ea0       ??1?$_Iterator012@Ubidirectional_iterator_tag@std@@U?$pair@$$CBV?$basic_string@DU?$char_traits@D@std@@V?$allocator@D@2@@std@@V12@@2@HPBU32@ABU32@U_Iterator_base12@2@@std@@QAE@XZ 10019ea0 f i ehl.ftpdata.save.obj
 0002:00008ed0       ??1?$_List_alloc@$0A@U?$_List_base_types@PAU_tmpdata@waitproc_info@@V?$allocator@PAU_tmpdata@waitproc_info@@@std@@@std@@@std@@QAE@XZ 10019ed0 f i ehl.ftpdata.save.obj
 0002:00008f10       ??1?$_List_buy@PAU_tmpdata@waitproc_info@@V?$allocator@PAU_tmpdata@waitproc_info@@@std@@@std@@QAE@XZ 10019f10 f i ehl.ftpdata.save.obj
 0002:00008f40       ??1?$_List_const_iterator@V?$_List_val@U?$_List_simple_types@PAU_tmpdata@waitproc_info@@@std@@@std@@@std@@QAE@XZ 10019f40 f i ehl.ftpdata.save.obj
 0002:00008f70       ??1?$_List_iterator@V?$_List_val@U?$_List_simple_types@PAU_tmpdata@waitproc_info@@@std@@@std@@@std@@QAE@XZ 10019f70 f i ehl.ftpdata.save.obj
 0002:00008fa0       ??1?$_List_unchecked_const_iterator@V?$_List_val@U?$_List_simple_types@PAU_tmpdata@waitproc_info@@@std@@@std@@U_Iterator_base12@2@@std@@QAE@XZ 10019fa0 f i ehl.ftpdata.save.obj
 0002:00008fd0       ??1?$_List_val@U?$_List_simple_types@PAU_tmpdata@waitproc_info@@@std@@@std@@QAE@XZ 10019fd0 f i ehl.ftpdata.save.obj
 0002:00009000       ??1?$_String_alloc@$0A@U?$_String_base_types@DV?$allocator@D@std@@@std@@@std@@QAE@XZ 1001a000 f i ehl.ftpdata.save.obj
 0002:00009030       ??1?$_String_val@U?$_Simple_types@D@std@@@std@@QAE@XZ 1001a030 f i ehl.ftpdata.save.obj
 0002:00009060       ??1?$_Tree@V?$_Tmap_traits@V?$basic_string@DU?$char_traits@D@std@@V?$allocator@D@2@@std@@HU?$less@V?$basic_string@DU?$char_traits@D@std@@V?$allocator@D@2@@std@@@2@V?$allocator@U?$pair@$$CBV?$basic_string@DU?$char_traits@D@std@@V?$allocator@D@2@@std@@H@std@@@2@$0A@@std@@@std@@QAE@XZ 1001a060 f i ehl.ftpdata.save.obj
 0002:00009090       ??1?$_Tree@V?$_Tmap_traits@V?$basic_string@DU?$char_traits@D@std@@V?$allocator@D@2@@std@@V12@U?$less@V?$basic_string@DU?$char_traits@D@std@@V?$allocator@D@2@@std@@@2@V?$allocator@U?$pair@$$CBV?$basic_string@DU?$char_traits@D@std@@V?$allocator@D@2@@std@@V12@@std@@@2@$0A@@std@@@std@@QAE@XZ 1001a090 f i ehl.ftpdata.save.obj
 0002:000090c0       ??1?$_Tree_alloc@$0A@U?$_Tree_base_types@U?$pair@$$CBV?$basic_string@DU?$char_traits@D@std@@V?$allocator@D@2@@std@@H@std@@V?$allocator@U?$pair@$$CBV?$basic_string@DU?$char_traits@D@std@@V?$allocator@D@2@@std@@H@std@@@2@@std@@@std@@QAE@XZ 1001a0c0 f i ehl.ftpdata.save.obj
 0002:00009100       ??1?$_Tree_alloc@$0A@U?$_Tree_base_types@U?$pair@$$CBV?$basic_string@DU?$char_traits@D@std@@V?$allocator@D@2@@std@@V12@@std@@V?$allocator@U?$pair@$$CBV?$basic_string@DU?$char_traits@D@std@@V?$allocator@D@2@@std@@V12@@std@@@2@@std@@@std@@QAE@XZ 1001a100 f i ehl.ftpdata.save.obj
 0002:00009140       ??1?$_Tree_buy@U?$pair@$$CBV?$basic_string@DU?$char_traits@D@std@@V?$allocator@D@2@@std@@H@std@@V?$allocator@U?$pair@$$CBV?$basic_string@DU?$char_traits@D@std@@V?$allocator@D@2@@std@@H@std@@@2@@std@@QAE@XZ 1001a140 f i ehl.ftpdata.save.obj
 0002:00009170       ??1?$_Tree_buy@U?$pair@$$CBV?$basic_string@DU?$char_traits@D@std@@V?$allocator@D@2@@std@@V12@@std@@V?$allocator@U?$pair@$$CBV?$basic_string@DU?$char_traits@D@std@@V?$allocator@D@2@@std@@V12@@std@@@2@@std@@QAE@XZ 1001a170 f i ehl.ftpdata.save.obj
 0002:000091a0       ??1?$_Tree_comp@$0A@V?$_Tmap_traits@V?$basic_string@DU?$char_traits@D@std@@V?$allocator@D@2@@std@@HU?$less@V?$basic_string@DU?$char_traits@D@std@@V?$allocator@D@2@@std@@@2@V?$allocator@U?$pair@$$CBV?$basic_string@DU?$char_traits@D@std@@V?$allocator@D@2@@std@@H@std@@@2@$0A@@std@@@std@@QAE@XZ 1001a1a0 f i ehl.ftpdata.save.obj
 0002:000091d0       ??1?$_Tree_comp@$0A@V?$_Tmap_traits@V?$basic_string@DU?$char_traits@D@std@@V?$allocator@D@2@@std@@V12@U?$less@V?$basic_string@DU?$char_traits@D@std@@V?$allocator@D@2@@std@@@2@V?$allocator@U?$pair@$$CBV?$basic_string@DU?$char_traits@D@std@@V?$allocator@D@2@@std@@V12@@std@@@2@$0A@@std@@@std@@QAE@XZ 1001a1d0 f i ehl.ftpdata.save.obj
 0002:00009200       ??1?$_Tree_const_iterator@V?$_Tree_val@U?$_Tree_simple_types@U?$pair@$$CBV?$basic_string@DU?$char_traits@D@std@@V?$allocator@D@2@@std@@H@std@@@std@@@std@@@std@@QAE@XZ 1001a200 f i ehl.ftpdata.save.obj
 0002:00009230       ??1?$_Tree_const_iterator@V?$_Tree_val@U?$_Tree_simple_types@U?$pair@$$CBV?$basic_string@DU?$char_traits@D@std@@V?$allocator@D@2@@std@@V12@@std@@@std@@@std@@@std@@QAE@XZ 1001a230 f i ehl.ftpdata.save.obj
 0002:00009260       ??1?$_Tree_iterator@V?$_Tree_val@U?$_Tree_simple_types@U?$pair@$$CBV?$basic_string@DU?$char_traits@D@std@@V?$allocator@D@2@@std@@H@std@@@std@@@std@@@std@@QAE@XZ 1001a260 f i ehl.ftpdata.save.obj
 0002:00009290       ??1?$_Tree_iterator@V?$_Tree_val@U?$_Tree_simple_types@U?$pair@$$CBV?$basic_string@DU?$char_traits@D@std@@V?$allocator@D@2@@std@@V12@@std@@@std@@@std@@@std@@QAE@XZ 1001a290 f i ehl.ftpdata.save.obj
 0002:000092c0       ??1?$_Tree_unchecked_const_iterator@V?$_Tree_val@U?$_Tree_simple_types@U?$pair@$$CBV?$basic_string@DU?$char_traits@D@std@@V?$allocator@D@2@@std@@H@std@@@std@@@std@@U_Iterator_base12@2@@std@@QAE@XZ 1001a2c0 f i ehl.ftpdata.save.obj
 0002:000092f0       ??1?$_Tree_unchecked_const_iterator@V?$_Tree_val@U?$_Tree_simple_types@U?$pair@$$CBV?$basic_string@DU?$char_traits@D@std@@V?$allocator@D@2@@std@@V12@@std@@@std@@@std@@U_Iterator_base12@2@@std@@QAE@XZ 1001a2f0 f i ehl.ftpdata.save.obj
 0002:00009320       ??1?$_Tree_val@U?$_Tree_simple_types@U?$pair@$$CBV?$basic_string@DU?$char_traits@D@std@@V?$allocator@D@2@@std@@H@std@@@std@@@std@@QAE@XZ 1001a320 f i ehl.ftpdata.save.obj
 0002:00009350       ??1?$_Tree_val@U?$_Tree_simple_types@U?$pair@$$CBV?$basic_string@DU?$char_traits@D@std@@V?$allocator@D@2@@std@@V12@@std@@@std@@@std@@QAE@XZ 1001a350 f i ehl.ftpdata.save.obj
 0002:00009380       ??1?$basic_string@DU?$char_traits@D@std@@V?$allocator@D@2@@std@@QAE@XZ 1001a380 f i ehl.ftpdata.save.obj
 0002:000093b0       ??1?$list@PAU_tmpdata@waitproc_info@@V?$allocator@PAU_tmpdata@waitproc_info@@@std@@@std@@QAE@XZ 1001a3b0 f i ehl.ftpdata.save.obj
 0002:000093e0       ??1?$map@V?$basic_string@DU?$char_traits@D@std@@V?$allocator@D@2@@std@@HU?$less@V?$basic_string@DU?$char_traits@D@std@@V?$allocator@D@2@@std@@@2@V?$allocator@U?$pair@$$CBV?$basic_string@DU?$char_traits@D@std@@V?$allocator@D@2@@std@@H@std@@@2@@std@@QAE@XZ 1001a3e0 f i ehl.ftpdata.save.obj
 0002:00009410       ??1?$map@V?$basic_string@DU?$char_traits@D@std@@V?$allocator@D@2@@std@@V12@U?$less@V?$basic_string@DU?$char_traits@D@std@@V?$allocator@D@2@@std@@@2@V?$allocator@U?$pair@$$CBV?$basic_string@DU?$char_traits@D@std@@V?$allocator@D@2@@std@@V12@@std@@@2@@std@@QAE@XZ 1001a410 f i ehl.ftpdata.save.obj
 0002:00009440       ??1?$pair@$$CBV?$basic_string@DU?$char_traits@D@std@@V?$allocator@D@2@@std@@H@std@@QAE@XZ 1001a440 f i ehl.ftpdata.save.obj
 0002:00009470       ??1?$pair@$$CBV?$basic_string@DU?$char_traits@D@std@@V?$allocator@D@2@@std@@V12@@std@@QAE@XZ 1001a470 f i ehl.ftpdata.save.obj
 0002:000094a0       ??1?$pair@V?$_Tree_iterator@V?$_Tree_val@U?$_Tree_simple_types@U?$pair@$$CBV?$basic_string@DU?$char_traits@D@std@@V?$allocator@D@2@@std@@H@std@@@std@@@std@@@std@@_N@std@@QAE@XZ 1001a4a0 f i ehl.ftpdata.save.obj
 0002:000094d0       ??1?$pair@V?$_Tree_iterator@V?$_Tree_val@U?$_Tree_simple_types@U?$pair@$$CBV?$basic_string@DU?$char_traits@D@std@@V?$allocator@D@2@@std@@V12@@std@@@std@@@std@@@std@@_N@std@@QAE@XZ 1001a4d0 f i ehl.ftpdata.save.obj
 0002:00009500       ??1?$pair@V?$basic_string@DU?$char_traits@D@std@@V?$allocator@D@2@@std@@V12@@std@@QAE@XZ 1001a500 f i ehl.ftpdata.save.obj
 0002:00009530       ??1_Generic_error_category@std@@UAE@XZ 1001a530 f i ehl.ftpdata.save.obj
 0002:00009560       ??1_Iostream_error_category@std@@UAE@XZ 1001a560 f i ehl.ftpdata.save.obj
 0002:00009590       ??1_Iterator_base12@std@@QAE@XZ 1001a590 f i ehl.ftpdata.save.obj
 0002:000095d0       ??1_System_error_category@std@@UAE@XZ 1001a5d0 f i ehl.ftpdata.save.obj
 0002:00009600       ??1_tmpdata@waitproc_info@@QAE@XZ 1001a600 f i ehl.ftpdata.save.obj
 0002:00009650       ??1c_data_convert_hkfilename@@QAE@XZ 1001a650 f i ehl.ftpdata.save.obj
 0002:000098b0       ??1c_work@@QAE@XZ          1001a8b0 f i ehl.ftpdata.save.obj
 0002:000098d0       ??1error_category@std@@UAE@XZ 1001a8d0 f i ehl.ftpdata.save.obj
 0002:00009900       ??1mux@@QAE@XZ             1001a900 f i ehl.ftpdata.save.obj
 0002:00009930       ??1waitproc_info@@QAE@XZ   1001a930 f i ehl.ftpdata.save.obj
 0002:00009960       ??2@YAPAXIPAX@Z            1001a960 f i ehl.ftpdata.save.obj
 0002:00009980       ??3@YAXPAX0@Z              1001a980 f i ehl.ftpdata.save.obj
 0002:000099a0       ??4?$_Iterator012@Ubidirectional_iterator_tag@std@@PAU_tmpdata@waitproc_info@@HPBQAU34@ABQAU34@U_Iterator_base12@2@@std@@QAEAAU01@ABU01@@Z 1001a9a0 f i ehl.ftpdata.save.obj
 0002:000099d0       ??4?$_Iterator012@Ubidirectional_iterator_tag@std@@U?$pair@$$CBV?$basic_string@DU?$char_traits@D@std@@V?$allocator@D@2@@std@@H@2@HPBU32@ABU32@U_Iterator_base12@2@@std@@QAEAAU01@ABU01@@Z 1001a9d0 f i ehl.ftpdata.save.obj
 0002:00009a00       ??4?$_List_const_iterator@V?$_List_val@U?$_List_simple_types@PAU_tmpdata@waitproc_info@@@std@@@std@@@std@@QAEAAV01@ABV01@@Z 1001aa00 f i ehl.ftpdata.save.obj
 0002:00009a30       ??4?$_List_iterator@V?$_List_val@U?$_List_simple_types@PAU_tmpdata@waitproc_info@@@std@@@std@@@std@@QAEAAV01@ABV01@@Z 1001aa30 f i ehl.ftpdata.save.obj
 0002:00009a60       ??4?$_List_unchecked_const_iterator@V?$_List_val@U?$_List_simple_types@PAU_tmpdata@waitproc_info@@@std@@@std@@U_Iterator_base12@2@@std@@QAEAAV01@ABV01@@Z 1001aa60 f i ehl.ftpdata.save.obj
 0002:00009aa0       ??4?$_Tree_const_iterator@V?$_Tree_val@U?$_Tree_simple_types@U?$pair@$$CBV?$basic_string@DU?$char_traits@D@std@@V?$allocator@D@2@@std@@H@std@@@std@@@std@@@std@@QAEAAV01@ABV01@@Z 1001aaa0 f i ehl.ftpdata.save.obj
 0002:00009ad0       ??4?$_Tree_iterator@V?$_Tree_val@U?$_Tree_simple_types@U?$pair@$$CBV?$basic_string@DU?$char_traits@D@std@@V?$allocator@D@2@@std@@H@std@@@std@@@std@@@std@@QAEAAV01@ABV01@@Z 1001aad0 f i ehl.ftpdata.save.obj
 0002:00009b00       ??4?$_Tree_unchecked_const_iterator@V?$_Tree_val@U?$_Tree_simple_types@U?$pair@$$CBV?$basic_string@DU?$char_traits@D@std@@V?$allocator@D@2@@std@@H@std@@@std@@@std@@U_Iterator_base12@2@@std@@QAEAAV01@ABV01@@Z 1001ab00 f i ehl.ftpdata.save.obj
 0002:00009b40       ??4?$basic_string@DU?$char_traits@D@std@@V?$allocator@D@2@@std@@QAEAAV01@PBD@Z 1001ab40 f i ehl.ftpdata.save.obj
 0002:00009b70       ??4_Iterator_base12@std@@QAEAAU01@ABU01@@Z 1001ab70 f i ehl.ftpdata.save.obj
 0002:00009c30       ??8?$_List_const_iterator@V?$_List_val@U?$_List_simple_types@PAU_tmpdata@waitproc_info@@@std@@@std@@@std@@QBE_NABV01@@Z 1001ac30 f i ehl.ftpdata.save.obj
 0002:00009d30       ??8?$_Tree_const_iterator@V?$_Tree_val@U?$_Tree_simple_types@U?$pair@$$CBV?$basic_string@DU?$char_traits@D@std@@V?$allocator@D@2@@std@@H@std@@@std@@@std@@@std@@QBE_NABV01@@Z 1001ad30 f i ehl.ftpdata.save.obj
 0002:00009e30       ??8?$_Tree_const_iterator@V?$_Tree_val@U?$_Tree_simple_types@U?$pair@$$CBV?$basic_string@DU?$char_traits@D@std@@V?$allocator@D@2@@std@@V12@@std@@@std@@@std@@@std@@QBE_NABV01@@Z 1001ae30 f i ehl.ftpdata.save.obj
 0002:00009f30       ??8error_category@std@@QBE_NABV01@@Z 1001af30 f i ehl.ftpdata.save.obj
 0002:00009f70       ??8error_condition@std@@QBE_NABV01@@Z 1001af70 f i ehl.ftpdata.save.obj
 0002:00009ff0       ??9?$_List_const_iterator@V?$_List_val@U?$_List_simple_types@PAU_tmpdata@waitproc_info@@@std@@@std@@@std@@QBE_NABV01@@Z 1001aff0 f i ehl.ftpdata.save.obj
 0002:0000a040       ??9?$_Tree_const_iterator@V?$_Tree_val@U?$_Tree_simple_types@U?$pair@$$CBV?$basic_string@DU?$char_traits@D@std@@V?$allocator@D@2@@std@@H@std@@@std@@@std@@@std@@QBE_NABV01@@Z 1001b040 f i ehl.ftpdata.save.obj
 0002:0000a090       ??9?$_Tree_const_iterator@V?$_Tree_val@U?$_Tree_simple_types@U?$pair@$$CBV?$basic_string@DU?$char_traits@D@std@@V?$allocator@D@2@@std@@V12@@std@@@std@@@std@@@std@@QBE_NABV01@@Z 1001b090 f i ehl.ftpdata.save.obj
 0002:0000a0e0       ??A?$map@V?$basic_string@DU?$char_traits@D@std@@V?$allocator@D@2@@std@@HU?$less@V?$basic_string@DU?$char_traits@D@std@@V?$allocator@D@2@@std@@@2@V?$allocator@U?$pair@$$CBV?$basic_string@DU?$char_traits@D@std@@V?$allocator@D@2@@std@@H@std@@@2@@std@@QAEAAH$$QAV?$basic_string@DU?$char_traits@D@std@@V?$allocator@D@2@@1@@Z 1001b0e0 f i ehl.ftpdata.save.obj
 0002:0000a310       ??C?$_Tree_const_iterator@V?$_Tree_val@U?$_Tree_simple_types@U?$pair@$$CBV?$basic_string@DU?$char_traits@D@std@@V?$allocator@D@2@@std@@V12@@std@@@std@@@std@@@std@@QBEPBU?$pair@$$CBV?$basic_string@DU?$char_traits@D@std@@V?$allocator@D@2@@std@@V12@@1@XZ 1001b310 f i ehl.ftpdata.save.obj
 0002:0000a340       ??C?$_Tree_iterator@V?$_Tree_val@U?$_Tree_simple_types@U?$pair@$$CBV?$basic_string@DU?$char_traits@D@std@@V?$allocator@D@2@@std@@H@std@@@std@@@std@@@std@@QBEPAU?$pair@$$CBV?$basic_string@DU?$char_traits@D@std@@V?$allocator@D@2@@std@@H@1@XZ 1001b340 f i ehl.ftpdata.save.obj
 0002:0000a370       ??D?$_List_const_iterator@V?$_List_val@U?$_List_simple_types@PAU_tmpdata@waitproc_info@@@std@@@std@@@std@@QBEABQAU_tmpdata@waitproc_info@@XZ 1001b370 f i ehl.ftpdata.save.obj
 0002:0000a460       ??D?$_List_iterator@V?$_List_val@U?$_List_simple_types@PAU_tmpdata@waitproc_info@@@std@@@std@@@std@@QBEAAPAU_tmpdata@waitproc_info@@XZ 1001b460 f i ehl.ftpdata.save.obj
 0002:0000a490       ??D?$_Tree_const_iterator@V?$_Tree_val@U?$_Tree_simple_types@U?$pair@$$CBV?$basic_string@DU?$char_traits@D@std@@V?$allocator@D@2@@std@@H@std@@@std@@@std@@@std@@QBEABU?$pair@$$CBV?$basic_string@DU?$char_traits@D@std@@V?$allocator@D@2@@std@@H@1@XZ 1001b490 f i ehl.ftpdata.save.obj
 0002:0000a580       ??D?$_Tree_const_iterator@V?$_Tree_val@U?$_Tree_simple_types@U?$pair@$$CBV?$basic_string@DU?$char_traits@D@std@@V?$allocator@D@2@@std@@V12@@std@@@std@@@std@@@std@@QBEABU?$pair@$$CBV?$basic_string@DU?$char_traits@D@std@@V?$allocator@D@2@@std@@V12@@1@XZ 1001b580 f i ehl.ftpdata.save.obj
 0002:0000a670       ??D?$_Tree_iterator@V?$_Tree_val@U?$_Tree_simple_types@U?$pair@$$CBV?$basic_string@DU?$char_traits@D@std@@V?$allocator@D@2@@std@@H@std@@@std@@@std@@@std@@QBEAAU?$pair@$$CBV?$basic_string@DU?$char_traits@D@std@@V?$allocator@D@2@@std@@H@1@XZ 1001b670 f i ehl.ftpdata.save.obj
 0002:0000a6a0       ??E?$_List_const_iterator@V?$_List_val@U?$_List_simple_types@PAU_tmpdata@waitproc_info@@@std@@@std@@@std@@QAE?AV01@H@Z 1001b6a0 f i ehl.ftpdata.save.obj
 0002:0000a750       ??E?$_List_const_iterator@V?$_List_val@U?$_List_simple_types@PAU_tmpdata@waitproc_info@@@std@@@std@@@std@@QAEAAV01@XZ 1001b750 f i ehl.ftpdata.save.obj
 0002:0000a840       ??E?$_List_iterator@V?$_List_val@U?$_List_simple_types@PAU_tmpdata@waitproc_info@@@std@@@std@@@std@@QAE?AV01@H@Z 1001b840 f i ehl.ftpdata.save.obj
 0002:0000a8f0       ??E?$_List_iterator@V?$_List_val@U?$_List_simple_types@PAU_tmpdata@waitproc_info@@@std@@@std@@@std@@QAEAAV01@XZ 1001b8f0 f i ehl.ftpdata.save.obj
 0002:0000a920       ??E?$_Tree_const_iterator@V?$_Tree_val@U?$_Tree_simple_types@U?$pair@$$CBV?$basic_string@DU?$char_traits@D@std@@V?$allocator@D@2@@std@@H@std@@@std@@@std@@@std@@QAE?AV01@H@Z 1001b920 f i ehl.ftpdata.save.obj
 0002:0000a9d0       ??E?$_Tree_const_iterator@V?$_Tree_val@U?$_Tree_simple_types@U?$pair@$$CBV?$basic_string@DU?$char_traits@D@std@@V?$allocator@D@2@@std@@H@std@@@std@@@std@@@std@@QAEAAV01@XZ 1001b9d0 f i ehl.ftpdata.save.obj
 0002:0000aac0       ??E?$_Tree_const_iterator@V?$_Tree_val@U?$_Tree_simple_types@U?$pair@$$CBV?$basic_string@DU?$char_traits@D@std@@V?$allocator@D@2@@std@@V12@@std@@@std@@@std@@@std@@QAE?AV01@H@Z 1001bac0 f i ehl.ftpdata.save.obj
[...]
 0003:00001f60       ??_C@_0BA@JFNIOLAK@string?5too?5long?$AA@ 10030f60     ehl.ftpdata.save.obj
 0003:00001f78       ??_C@_1EE@BBMFLDOC@?$AAl?$AAi?$AAs?$AAt?$AA?5?$AAe?$AAr?$AAa?$AAs?$AAe?$AA?5?$AAi?$AAt?$AAe?$AAr?$AAa?$AAt?$AAo?$AAr?$AA?5?$AAo?$AAu?$AAt?$AAs?$AAi?$AAd?$AAe?$AA?5?$AAr?$AAa?$AAn?$AAg@ 10030f78     ehl.ftpdata.save.obj
 0003:00001fd0       ??_C@_1EA@DOGAGKDH@?$AAl?$AAi?$AAs?$AAt?$AA?5?$AAi?$AAt?$AAe?$AAr?$AAa?$AAt?$AAo?$AAr?$AA?5?$AAn?$AAo?$AAt?$AA?5?$AAi?$AAn?$AAc?$AAr?$AAe?$AAm?$AAe?$AAn?$AAt?$AAa?$AAb?$AAl?$AAe?$AA?$AA@ 10030fd0     ehl.ftpdata.save.obj
 0003:00002020       ??_C@_1BAC@OPDJEBJI@?$AAs?$AAt?$AAd?$AA?3?$AA?3?$AA_?$AAL?$AAi?$AAs?$AAt?$AA_?$AAc?$AAo?$AAn?$AAs?$AAt?$AA_?$AAi?$AAt?$AAe?$AAr?$AAa?$AAt?$AAo?$AAr?$AA?$DM?$AAc?$AAl?$AAa?$AAs?$AAs?$AA?5@ 10031020     ehl.ftpdata.save.obj
 0003:00002158       ??_C@_1EK@PPDBPCAN@?$AAm?$AAa?$AAp?$AA?1?$AAs?$AAe?$AAt?$AA?5?$AAe?$AAr?$AAa?$AAs?$AAe?$AA?5?$AAi?$AAt?$AAe?$AAr?$AAa?$AAt?$AAo?$AAr?$AA?5?$AAo?$AAu?$AAt?$AAs?$AAi?$AAd?$AAe?$AA?5?$AAr@ 10031158     ehl.ftpdata.save.obj
 0003:000021b0       ??_C@_1BKK@NKNEDAJK@?$AAs?$AAt?$AAd?$AA?3?$AA?3?$AA_?$AAT?$AAr?$AAe?$AAe?$AA_?$AAc?$AAo?$AAn?$AAs?$AAt?$AA_?$AAi?$AAt?$AAe?$AAr?$AAa?$AAt?$AAo?$AAr?$AA?$DM?$AAc?$AAl?$AAa?$AAs?$AAs?$AA?5@ 100311b0     ehl.ftpdata.save.obj
 0003:000023b0       ??_C@_1EG@EHJFMBHJ@?$AAm?$AAa?$AAp?$AA?1?$AAs?$AAe?$AAt?$AA?5?$AAi?$AAt?$AAe?$AAr?$AAa?$AAt?$AAo?$AAr?$AA?5?$AAn?$AAo?$AAt?$AA?5?$AAi?$AAn?$AAc?$AAr?$AAe?$AAm?$AAe?$AAn?$AAt?$AAa?$AAb@ 100313b0     ehl.ftpdata.save.obj
 0003:00002408       ??_C@_1CFG@PGGKMBNC@?$AAs?$AAt?$AAd?$AA?3?$AA?3?$AA_?$AAT?$AAr?$AAe?$AAe?$AA_?$AAc?$AAo?$AAn?$AAs?$AAt?$AA_?$AAi?$AAt?$AAe?$AAr?$AAa?$AAt?$AAo?$AAr?$AA?$DM?$AAc?$AAl?$AAa?$AAs?$AAs?$AA?5@ 10031408     ehl.ftpdata.save.obj
 0003:000026d8       ??_C@_1BKM@BBBIHDHC@?$AAs?$AAt?$AAd?$AA?3?$AA?3?$AA_?$AAT?$AAr?$AAe?$AAe?$AA_?$AAc?$AAo?$AAn?$AAs?$AAt?$AA_?$AAi?$AAt?$AAe?$AAr?$AAa?$AAt?$AAo?$AAr?$AA?$DM?$AAc?$AAl?$AAa?$AAs?$AAs?$AA?5@ 100316d8     ehl.ftpdata.save.obj
 0003:000028dc       ??_C@_1CK@EOPGIILJ@?$AAi?$AAn?$AAv?$AAa?$AAl?$AAi?$AAd?$AA?5?$AAn?$AAu?$AAl?$AAl?$AA?5?$AAp?$AAo?$AAi?$AAn?$AAt?$AAe?$AAr?$AA?$AA@ 100318dc     ehl.ftpdata.save.obj
 0003:00002910       ??_C@_1CE@IGJMOCCK@?$AAi?$AAn?$AAv?$AAa?$AAl?$AAi?$AAd?$AA?5?$AAo?$AAp?$AAe?$AAr?$AAa?$AAt?$AAo?$AAr?$AA?$DM?$AA?$AA@ 10031910     ehl.ftpdata.save.obj
 0003:0000293c       ??_C@_0BB@MOGOBHAF@list?$DMT?$DO?5too?5long?$AA@ 1003193c     ehl.ftpdata.save.obj
 0003:00002950       ??_C@_1EM@MHOKKPFH@?$AAm?$AAa?$AAp?$AA?1?$AAs?$AAe?$AAt?$AA?5?$AAi?$AAn?$AAs?$AAe?$AAr?$AAt?$AA?5?$AAi?$AAt?$AAe?$AAr?$AAa?$AAt?$AAo?$AAr?$AA?5?$AAo?$AAu?$AAt?$AAs?$AAi?$AAd?$AAe?$AA?5@ 10031950     ehl.ftpdata.save.obj
 0003:000029b0       ??_C@_1EG@OKCGOALM@?$AAm?$AAa?$AAp?$AA?1?$AAs?$AAe?$AAt?$AA?5?$AAi?$AAt?$AAe?$AAr?$AAa?$AAt?$AAo?$AAr?$AA?5?$AAn?$AAo?$AAt?$AA?5?$AAd?$AAe?$AAc?$AAr?$AAe?$AAm?$AAe?$AAn?$AAt?$AAa?$AAb@ 100319b0     ehl.ftpdata.save.obj
 0003:00002a08       ??_C@_1BKM@OCCKMPLD@?$AAs?$AAt?$AAd?$AA?3?$AA?3?$AA_?$AAT?$AAr?$AAe?$AAe?$AA_?$AAc?$AAo?$AAn?$AAs?$AAt?$AA_?$AAi?$AAt?$AAe?$AAr?$AAa?$AAt?$AAo?$AAr?$AA?$DM?$AAc?$AAl?$AAa?$AAs?$AAs?$AA?5@ 10031a08     ehl.ftpdata.save.obj
 0003:00002c10       ??_C@_1CFG@FFIHNBD@?$AAs?$AAt?$AAd?$AA?3?$AA?3?$AA_?$AAT?$AAr?$AAe?$AAe?$AA_?$AAc?$AAo?$AAn?$AAs?$AAt?$AA_?$AAi?$AAt?$AAe?$AAr?$AAa?$AAt?$AAo?$AAr?$AA?$DM?$AAc?$AAl?$AAa?$AAs?$AAs?$AA?5@ 10031c10     ehl.ftpdata.save.obj
 0003:00002ee0       ??_C@_0BE@JONHPENG@map?1set?$DMT?$DO?5too?5long?$AA@ 10031ee0     ehl.ftpdata.save.obj
 0003:00002f70       ??_C@_0EH@NOIOHHKE@?6?5init?5trans?5hostip?$CI?$CFs?$CJ?0kkbh?$CI?$CFs?$CJ@ 10031f70     webref_wxtracert.obj
 0003:00002fc8       ??_C@_0CD@KDPHGDPP@?$CL?$CL?$CL?$CL?$CL?$CL?$CL?$CL?$CL?$CL?$CL?$CL?$CL?$CL?$CL?$CL?$CL?$CL?$CL?5?5start?5login@ 10031fc8     webref_wxtracert.obj
 0003:00002ff8       ??_C@_0OI@KFHJNAIL@?6kkbh?$CI?$CFs?$CJ?0fxlx?$CI?$CFs?$CJ?0cdh?$CI?$CFd?$CJ?0hphm?$CI@ 10031ff8     webref_wxtracert.obj
 0003:00003110       ??_C@_0CB@EBKKIEFL@?$CL?$CL?$CL?$CL?$CL?$CL?$CL?$CL?$CL?$CL?$CL?$CL?$CL?$CL?$CL?$CL?$CL?$CL?$CL?5?5end?5loginfo@ 10032110     webref_wxtracert.obj
 0003:00003138       ??_C@_0CM@MINGFKJA@?$CL?$CL?$CL?$CL?$CL?$CL?$CL?$CL?$CL?$CL?$CL?$CL?$CL?$CL?$CL?$CL?$CL?$CL?$CL?5?5start?5write@ 10032138     webref_wxtracert.obj
 0003:0000316c       ??_C@_0BP@BHDDBAKH@write?5vehicle?5info?5return?5?$FL?$CFd?$FN?$AA@ 1003216c     webref_wxtracert.obj
 0003:00003194       ??_C@_0CK@OBAFJHPG@?$CL?$CL?$CL?$CL?$CL?$CL?$CL?$CL?$CL?$CL?$CL?$CL?$CL?$CL?$CL?$CL?$CL?$CL?$CL?5?5end?5writeve@ 10032194     webref_wxtracert.obj
 0003:000031c8       ??_C@_1MC@KPMPFEII@?$AA?$CI?$AA_?$AA_?$AAo?$AAn?$AAe?$AAx?$AAi?$AAt?$AAb?$AAe?$AAg?$AAi?$AAn?$AA?5?$AA?$CB?$AA?$DN?$AA?5?$AAN?$AAU?$AAL?$AAL?$AA?5?$AA?$CG?$AA?$CG?$AA?5?$AA_?$AA_?$AAo?$AAn?$AAe?$AAx@ 100321c8     MSVCRTD:atonexit.obj
 0003:000032b0       ??_C@_1FK@IGIDCAPD@?$AAf?$AA?3?$AA?2?$AAd?$AAd?$AA?2?$AAv?$AAc?$AAt?$AAo?$AAo?$AAl?$AAs?$AA?2?$AAc?$AAr?$AAt?$AA?2?$AAc?$AAr?$AAt?$AAw?$AA3?$AA2?$AA?2?$AAd?$AAl?$AAl?$AAs?$AAt?$AAu?$AAf@ 100322b0     MSVCRTD:atonexit.obj
 0003:0000331c       ??_C@_0CN@LMJJPMEG@f?3?2dd?2vctools?2crt?2crtw32?2dllstuf@ 1003231c     MSVCRTD:atonexit.obj
 0003:00003358       ??_7type_info@@6B@         10032358     MSVCRTD:ti_inst.obj
 0003:00003360       __pDefaultRawDllMain       10032360     MSVCRTD:crtdll.obj
 0003:00003360       __pRawDllMain              10032360     MSVCRTD:crtdll.obj
 0003:00003364       ??_C@_0CL@CCAGLLEM@f?3?2dd?2vctools?2crt?2crtw32?2dllstuf@ 10032364     MSVCRTD:crtdll.obj
 0003:000033a4       ?ProcessDetach@NativeDll@<CrtImplementationDetails>@@0IB 100323a4     MSVCRTD:initsect.obj
 0003:000033a8       ?ProcessAttach@NativeDll@<CrtImplementationDetails>@@0IB 100323a8     MSVCRTD:initsect.obj
 0003:000033ac       ?ThreadAttach@NativeDll@<CrtImplementationDetails>@@0IB 100323ac     MSVCRTD:initsect.obj
 0003:000033b0       ?ThreadDetach@NativeDll@<CrtImplementationDetails>@@0IB 100323b0     MSVCRTD:initsect.obj
 0003:000033b4       ?ProcessVerifier@NativeDll@<CrtImplementationDetails>@@0IB 100323b4     MSVCRTD:initsect.obj
 0003:000033b8       __load_config_used         100323b8     MSVCRTD:loadcfg.obj
 0003:00003768       ??_R4error_category@std@@6B@ 10032768     ehl.ftpdata.save.obj
 0003:00003780       ??_R3error_category@std@@8 10032780     ehl.ftpdata.save.obj
 0003:00003794       ??_R2error_category@std@@8 10032794     ehl.ftpdata.save.obj
 0003:0000379c       ??_R1A@?0A@EA@error_category@std@@8 1003279c     ehl.ftpdata.save.obj
 0003:000037c0       ??_R4_Generic_error_category@std@@6B@ 100327c0     ehl.ftpdata.save.obj
 0003:000037d8       ??_R3_Generic_error_category@std@@8 100327d8     ehl.ftpdata.save.obj
 0003:000037ec       ??_R2_Generic_error_category@std@@8 100327ec     ehl.ftpdata.save.obj
 0003:000037f8       ??_R1A@?0A@EA@_Generic_error_category@std@@8 100327f8     ehl.ftpdata.save.obj
 0003:0000381c       ??_R4_Iostream_error_category@std@@6B@ 1003281c     ehl.ftpdata.save.obj
 0003:00003834       ??_R3_Iostream_error_category@std@@8 10032834     ehl.ftpdata.save.obj
 0003:00003848       ??_R2_Iostream_error_category@std@@8 10032848     ehl.ftpdata.save.obj
 0003:00003858       ??_R1A@?0A@EA@_Iostream_error_category@std@@8 10032858     ehl.ftpdata.save.obj
 0003:0000387c       ??_R4_System_error_category@std@@6B@ 1003287c     ehl.ftpdata.save.obj
 0003:00003894       ??_R3_System_error_category@std@@8 10032894     ehl.ftpdata.save.obj
 0003:000038a8       ??_R2_System_error_category@std@@8 100328a8     ehl.ftpdata.save.obj
 0003:000038b8       ??_R1A@?0A@EA@_System_error_category@std@@8 100328b8     ehl.ftpdata.save.obj
 0003:000038dc       ??_R4type_info@@6B@        100328dc     MSVCRTD:ti_inst.obj
 0003:000038f4       ??_R3type_info@@8          100328f4     MSVCRTD:ti_inst.obj
 0003:00003908       ??_R2type_info@@8          10032908     MSVCRTD:ti_inst.obj
 0003:00003910       ??_R1A@?0A@EA@type_info@@8 10032910     MSVCRTD:ti_inst.obj
 0003:00003a3c       ___rtc_iaa                 10032a3c     MSVCRTD:initsect.obj
 0003:00003b40       ___rtc_izz                 10032b40     MSVCRTD:initsect.obj
 0003:00003c44       ___rtc_taa                 10032c44     MSVCRTD:initsect.obj
 0003:00003d48       ___rtc_tzz                 10032d48     MSVCRTD:initsect.obj
 0004:00000000       ?deffilename@@3PBDB        10035000     ehl.ftpdata.save.obj
 0004:00000004       ?strtmpdef@@3PAY01PBDA     10035004     ehl.ftpdata.save.obj
 0004:0000002c       ?strnull@@3PADA            1003502c     ehl.ftpdata.save.obj
 0004:00000040       ?soap_endpointwx@@3PADA    10035040     webref_wxtracert.obj
 0004:00000174       ___security_cookie         10035174     MSVCRTD:gs_cookie.obj
 0004:00000178       ___security_cookie_complement 10035178     MSVCRTD:gs_cookie.obj
 0004:00000180       ___native_dllmain_reason   10035180     MSVCRTD:natstart.obj
 0004:0000028c       ??_R0?AVerror_category@std@@@8 1003528c     ehl.ftpdata.save.obj
 0004:000002b4       ??_R0?AV_Generic_error_category@std@@@8 100352b4     ehl.ftpdata.save.obj
 0004:000002e8       ??_R0?AV_Iostream_error_category@std@@@8 100352e8     ehl.ftpdata.save.obj
 0004:0000031c       ??_R0?AV_System_error_category@std@@@8 1003531c     ehl.ftpdata.save.obj
 0004:00000350       ??_R0?AVtype_info@@@8      10035350     MSVCRTD:ti_inst.obj
 0004:00000474       ?g_work@@3Vc_work@@A       10035474     ehl.ftpdata.save.obj
 0004:00000478       ?g_datafile_convert_hkfilename@@3Vc_data_convert_hkfilename@@A 10035478     ehl.ftpdata.save.obj
 0004:00000cec       ?gwaitproc_info@@3Vwaitproc_info@@A 10035cec     ehl.ftpdata.save.obj
 0004:00000cfc       ?gmux@@3Vmux@@A            10035cfc     ehl.ftpdata.save.obj
 0004:00000ed0       ?_Generic_object@?$_Error_objects@H@std@@2V_Generic_error_category@2@A 10035ed0     ehl.ftpdata.save.obj
 0004:00000ed4       ?_Iostream_object@?$_Error_objects@H@std@@2V_Iostream_error_category@2@A 10035ed4     ehl.ftpdata.save.obj
 0004:00000ed8       ?_System_object@?$_Error_objects@H@std@@2V_System_error_category@2@A 10035ed8     ehl.ftpdata.save.obj
 0004:00000edc       ?id@?$num_put@DV?$back_insert_iterator@V?$basic_string@DU?$char_traits@D@std@@V?$allocator@D@2@@std@@@std@@@std@@2V0locale@2@A 10035edc     ehl.ftpdata.save.obj
 0004:00000ee0       ?id@?$num_put@_WV?$back_insert_iterator@V?$basic_string@_WU?$char_traits@_W@std@@V?$allocator@_W@2@@std@@@std@@@std@@2V0locale@2@A 10035ee0     ehl.ftpdata.save.obj
 0004:00000ee4       ?tmage@@3VTmriAgent@@A     10035ee4     webref_wxtracert.obj
 0004:000012b8       ?__type_info_root_node@@3U__type_info_node@@A 100362b8     MSVCRTD:tncleanup.obj
 0004:000012c4       ___native_startup_lock     100362c4     <common>
 0004:000012d4       ___native_startup_state    100362d4     <common>
 0004:000012d8       ___dyn_tls_init_callback   100362d8     <common>
 0004:000012e4       ___onexitend               100362e4     <common>
 0004:000012f4       ___onexitbegin             100362f4     <common>
 0005:00000000       __imp_?InitTrans@TmriAgent@@QAEJPBD0J00@Z 10037000     HTAgent:HTAgent.dll
 0005:00000004       __imp_??0TmriAgent@@QAE@XZ 10037004     HTAgent:HTAgent.dll
 0005:00000008       __imp_?WriteVehicleInfo@TmriAgent@@QAEJPBD0J000JJ0J0000000000000@Z 10037008     HTAgent:HTAgent.dll
 0005:0000000c       \177HTAgent_NULL_THUNK_DATA 1003700c     HTAgent:HTAgent.dll
 0005:00000038       __imp__iconv               10037038     iconv:ICONV.DLL
 0005:0000003c       __imp__iconv_open          1003703c     iconv:ICONV.DLL
 0005:00000040       __imp__iconv_close         10037040     iconv:ICONV.DLL
 0005:00000044       \177ICONV_NULL_THUNK_DATA  10037044     iconv:ICONV.DLL
 0005:00000070       __imp__EnterCriticalSection@4 10037070     kernel32:KERNEL32.dll
 0005:00000074       __imp__LeaveCriticalSection@4 10037074     kernel32:KERNEL32.dll
 0005:00000078       __imp__DeleteCriticalSection@4 10037078     kernel32:KERNEL32.dll
 0005:0000007c       __imp__InitializeCriticalSection@4 1003707c     kernel32:KERNEL32.dll
 0005:00000080       __imp__CreateDirectoryA@8  10037080     kernel32:KERNEL32.dll
 0005:00000084       __imp__GetModuleFileNameA@12 10037084     kernel32:KERNEL32.dll
 0005:00000088       __imp__lstrlenA@4          10037088     kernel32:KERNEL32.dll
 0005:0000008c       __imp__WritePrivateProfileStringA@16 1003708c     kernel32:KERNEL32.dll
 0005:00000090       __imp__GetPrivateProfileSectionA@16 10037090     kernel32:KERNEL32.dll
 0005:00000094       __imp__GetPrivateProfileSectionNamesA@12 10037094     kernel32:KERNEL32.dll
 0005:00000098       __imp__GetLocalTime@4      10037098     kernel32:KERNEL32.dll
 0005:0000009c       __imp__GetSystemTimeAsFileTime@4 1003709c     kernel32:KERNEL32.dll
 0005:000000a0       __imp__Sleep@4             100370a0     kernel32:KERNEL32.dll
 0005:000000a4       __imp__DisableThreadLibraryCalls@4 100370a4     kernel32:KERNEL32.dll
 0005:000000a8       __imp__GetCurrentProcessId@0 100370a8     kernel32:KERNEL32.dll
 0005:000000ac       __imp__QueryPerformanceCounter@4 100370ac     kernel32:KERNEL32.dll
 0005:000000b0       __imp__IsProcessorFeaturePresent@4 100370b0     kernel32:KERNEL32.dll
 0005:000000b4       __imp__IsDebuggerPresent@0 100370b4     kernel32:KERNEL32.dll
 0005:000000b8       __imp__DecodePointer@4     100370b8     kernel32:KERNEL32.dll
 0005:000000bc       __imp__EncodePointer@4     100370bc     kernel32:KERNEL32.dll
 0005:000000c0       __imp__GetCurrentThreadId@0 100370c0     kernel32:KERNEL32.dll
 0005:000000c4       \177KERNEL32_NULL_THUNK_DATA 100370c4     kernel32:KERNEL32.dll
 0005:00000100       __imp_?_Xbad_alloc@std@@YAXXZ 10037100     msvcprtd:MSVCP120D.dll
 0005:00000104       __imp_?_Xlength_error@std@@YAXPBD@Z 10037104     msvcprtd:MSVCP120D.dll
 0005:00000108       __imp_?_Xout_of_range@std@@YAXPBD@Z 10037108     msvcprtd:MSVCP120D.dll
 0005:0000010c       __imp_??0id@locale@std@@QAE@I@Z 1003710c     msvcprtd:MSVCP120D.dll
 0005:00000110       __imp_?_Syserror_map@std@@YAPBDH@Z 10037110     msvcprtd:MSVCP120D.dll
 0005:00000114       __imp_?_Winerror_map@std@@YAPBDH@Z 10037114     msvcprtd:MSVCP120D.dll
 0005:00000118       __imp_??1_Lockit@std@@QAE@XZ 10037118     msvcprtd:MSVCP120D.dll
 0005:0000011c       __imp_?_Debug_message@std@@YAXPB_W0I@Z 1003711c     msvcprtd:MSVCP120D.dll
 0005:00000120       __imp_??0_Container_base12@std@@QAE@XZ 10037120     msvcprtd:MSVCP120D.dll
 0005:00000124       __imp_??1_Container_base12@std@@QAE@XZ 10037124     msvcprtd:MSVCP120D.dll
 0005:00000128       __imp_?_Getpfirst@_Container_base12@std@@QBEPAPAU_Iterator_base12@2@XZ 10037128     msvcprtd:MSVCP120D.dll
 0005:0000012c       __imp_??0_Lockit@std@@QAE@H@Z 1003712c     msvcprtd:MSVCP120D.dll
 0005:00000130       __imp_?_Orphan_all@_Container_base12@std@@QAEXXZ 10037130     msvcprtd:MSVCP120D.dll
 0005:00000134       \177MSVCP120D_NULL_THUNK_DATA 10037134     msvcprtd:MSVCP120D.dll
 0005:00000168       __imp__atoi                10037168     MSVCRTD:MSVCR120D.dll
 0005:0000016c       __imp__sprintf             1003716c     MSVCRTD:MSVCR120D.dll
 0005:00000170       __imp__system              10037170     MSVCRTD:MSVCR120D.dll
 0005:00000174       __imp___splitpath          10037174     MSVCRTD:MSVCR120D.dll
 0005:00000178       __imp__memchr              10037178     MSVCRTD:MSVCR120D.dll
 0005:0000017c       __imp__memcmp              1003717c     MSVCRTD:MSVCR120D.dll
 0005:00000180       __imp__memcpy              10037180     MSVCRTD:MSVCR120D.dll
 0005:00000184       __imp__memset              10037184     MSVCRTD:MSVCR120D.dll
 0005:00000188       __imp__strcat              10037188     MSVCRTD:MSVCR120D.dll
 0005:0000018c       __imp__strcmp              1003718c     MSVCRTD:MSVCR120D.dll
 0005:00000190       __imp__strlen              10037190     MSVCRTD:MSVCR120D.dll
 0005:00000194       __imp__memmove             10037194     MSVCRTD:MSVCR120D.dll
 0005:00000198       __imp__strtok              10037198     MSVCRTD:MSVCR120D.dll
 0005:0000019c       __imp___CrtDbgReportW      1003719c     MSVCRTD:MSVCR120D.dll
 0005:000001a0       __imp___close              100371a0     MSVCRTD:MSVCR120D.dll
 0005:000001a4       __imp___write              100371a4     MSVCRTD:MSVCR120D.dll
 0005:000001a8       __imp__printf              100371a8     MSVCRTD:MSVCR120D.dll
 0005:000001ac       __imp___beginthread        100371ac     MSVCRTD:MSVCR120D.dll
 0005:000001b0       __imp___CxxThrowException@8 100371b0     MSVCRTD:MSVCR120D.dll
 0005:000001b4       __imp____CxxFrameHandler3  100371b4     MSVCRTD:MSVCR120D.dll
 0005:000001b8       __imp___lock               100371b8     MSVCRTD:MSVCR120D.dll
 0005:000001bc       __imp___unlock             100371bc     MSVCRTD:MSVCR120D.dll
 0005:000001c0       __imp___calloc_dbg         100371c0     MSVCRTD:MSVCR120D.dll
 0005:000001c4       __imp____dllonexit         100371c4     MSVCRTD:MSVCR120D.dll
 0005:000001c8       __imp___onexit             100371c8     MSVCRTD:MSVCR120D.dll
 0005:000001cc       __imp_??1type_info@@UAE@XZ 100371cc     MSVCRTD:MSVCR120D.dll
 0005:000001d0       __imp____CppXcptFilter     100371d0     MSVCRTD:MSVCR120D.dll
 0005:000001d4       __imp___amsg_exit          100371d4     MSVCRTD:MSVCR120D.dll
 0005:000001d8       __imp___malloc_dbg         100371d8     MSVCRTD:MSVCR120D.dll
 0005:000001dc       __imp___free_dbg           100371dc     MSVCRTD:MSVCR120D.dll
 0005:000001e0       __imp___CrtSetCheckCount   100371e0     MSVCRTD:MSVCR120D.dll
 0005:000001e4       __imp___initterm           100371e4     MSVCRTD:MSVCR120D.dll
 0005:000001e8       __imp___initterm_e         100371e8     MSVCRTD:MSVCR120D.dll
 0005:000001ec       __imp___except_handler4_common 100371ec     MSVCRTD:MSVCR120D.dll
 0005:000001f0       __imp___crt_debugger_hook  100371f0     MSVCRTD:MSVCR120D.dll
 0005:000001f4       __imp____crtUnhandledException 100371f4     MSVCRTD:MSVCR120D.dll
 0005:000001f8       __imp____crtTerminateProcess 100371f8     MSVCRTD:MSVCR120D.dll
 0005:000001fc       __imp_?terminate@@YAXXZ    100371fc     MSVCRTD:MSVCR120D.dll
 0005:00000200       __imp____clean_type_info_names_internal 10037200     MSVCRTD:MSVCR120D.dll
 0005:00000204       __imp___hypot              10037204     MSVCRTD:MSVCR120D.dll
 0005:00000208       __imp___invalid_parameter  10037208     MSVCRTD:MSVCR120D.dll
 0005:0000020c       __imp_??3@YAXPAX@Z         1003720c     MSVCRTD:MSVCR120D.dll
 0005:00000210       __imp_??2@YAPAXI@Z         10037210     MSVCRTD:MSVCR120D.dll
 0005:00000214       __imp___purecall           10037214     MSVCRTD:MSVCR120D.dll
 0005:00000218       __imp_?_open@@YAHPBDHH@Z   10037218     MSVCRTD:MSVCR120D.dll
 0005:0000021c       __imp__atol                1003721c     MSVCRTD:MSVCR120D.dll
 0005:00000220       \177MSVCR120D_NULL_THUNK_DATA 10037220     MSVCRTD:MSVCR120D.dll
 0005:00000270       __imp__PathIsDirectoryA@4  10037270     Shlwapi:SHLWAPI.dll
 0005:00000274       \177SHLWAPI_NULL_THUNK_DATA 10037274     Shlwapi:SHLWAPI.dll
 0005:000002a0       __IMPORT_DESCRIPTOR_SHLWAPI 100372a0     Shlwapi:SHLWAPI.dll
 0005:000002b4       __IMPORT_DESCRIPTOR_ICONV  100372b4     iconv:ICONV.DLL
 0005:000002c8       __IMPORT_DESCRIPTOR_KERNEL32 100372c8     kernel32:KERNEL32.dll
 0005:000002dc       __IMPORT_DESCRIPTOR_HTAgent 100372dc     HTAgent:HTAgent.dll
 0005:000002f0       __IMPORT_DESCRIPTOR_MSVCP120D 100372f0     msvcprtd:MSVCP120D.dll
 0005:00000304       __IMPORT_DESCRIPTOR_MSVCR120D 10037304     MSVCRTD:MSVCR120D.dll
 0005:00000318       __NULL_IMPORT_DESCRIPTOR   10037318     Shlwapi:SHLWAPI.dll

 entry point at        0002:00000799


 Exports

  ordinal    name

        1    _init_work_mode@8
               exported name: init_work_mode
        2    _plug_proc_data@32
               exported name: plug_proc_data
